Archive member included to satisfy reference by file (symbol)

/Users/ip/MCUX/SDK_2_2_0_FRDM-KL25Z/CMSIS/Lib/GCC/libarm_cortexM0l_math.a(arm_rfft_q15.o)
                              ./source/dsp_fft.o (arm_rfft_q15)
/Users/ip/MCUX/SDK_2_2_0_FRDM-KL25Z/CMSIS/Lib/GCC/libarm_cortexM0l_math.a(arm_rfft_init_q15.o)
                              ./source/dsp_fft.o (arm_rfft_init_q15)
/Users/ip/MCUX/SDK_2_2_0_FRDM-KL25Z/CMSIS/Lib/GCC/libarm_cortexM0l_math.a(arm_cmplx_mag_squared_q15.o)
                              ./source/dsp_fft.o (arm_cmplx_mag_squared_q15)
/Users/ip/MCUX/SDK_2_2_0_FRDM-KL25Z/CMSIS/Lib/GCC/libarm_cortexM0l_math.a(arm_const_structs.o)
                              /Users/ip/MCUX/SDK_2_2_0_FRDM-KL25Z/CMSIS/Lib/GCC/libarm_cortexM0l_math.a(arm_rfft_init_q15.o) (arm_cfft_sR_q15_len4096)
/Users/ip/MCUX/SDK_2_2_0_FRDM-KL25Z/CMSIS/Lib/GCC/libarm_cortexM0l_math.a(arm_common_tables.o)
                              /Users/ip/MCUX/SDK_2_2_0_FRDM-KL25Z/CMSIS/Lib/GCC/libarm_cortexM0l_math.a(arm_const_structs.o) (armBitRevIndexTable_fixed_4096)
/Users/ip/MCUX/SDK_2_2_0_FRDM-KL25Z/CMSIS/Lib/GCC/libarm_cortexM0l_math.a(arm_cfft_q15.o)
                              /Users/ip/MCUX/SDK_2_2_0_FRDM-KL25Z/CMSIS/Lib/GCC/libarm_cortexM0l_math.a(arm_rfft_q15.o) (arm_cfft_q15)
/Users/ip/MCUX/SDK_2_2_0_FRDM-KL25Z/CMSIS/Lib/GCC/libarm_cortexM0l_math.a(arm_bitreversal2.o)
                              /Users/ip/MCUX/SDK_2_2_0_FRDM-KL25Z/CMSIS/Lib/GCC/libarm_cortexM0l_math.a(arm_cfft_q15.o) (arm_bitreversal_16)
/Users/ip/MCUX/SDK_2_2_0_FRDM-KL25Z/CMSIS/Lib/GCC/libarm_cortexM0l_math.a(arm_cfft_radix4_q15.o)
                              /Users/ip/MCUX/SDK_2_2_0_FRDM-KL25Z/CMSIS/Lib/GCC/libarm_cortexM0l_math.a(arm_cfft_q15.o) (arm_radix4_butterfly_q15)
/Users/ip/MCUX/SDK_2_2_0_FRDM-KL25Z/CMSIS/Lib/GCC/libarm_cortexM0l_math.a(arm_bitreversal.o)
                              /Users/ip/MCUX/SDK_2_2_0_FRDM-KL25Z/CMSIS/Lib/GCC/libarm_cortexM0l_math.a(arm_cfft_radix4_q15.o) (arm_bitreversal_q15)
/Applications/MCUXpressoIDE_11.6.0_8187/ide/plugins/com.nxp.mcuxpresso.tools.macosx_11.6.0.202112161359/tools/bin/../lib/gcc/arm-none-eabi/10.3.1/../../../../arm-none-eabi/lib/thumb/v6-m/nofp/libcr_semihost_nf.a(_cr__main.o)
                              ./startup/startup_mkl25z4.o (__main)
/Applications/MCUXpressoIDE_11.6.0_8187/ide/plugins/com.nxp.mcuxpresso.tools.macosx_11.6.0.202112161359/tools/bin/../lib/gcc/arm-none-eabi/10.3.1/../../../../arm-none-eabi/lib/thumb/v6-m/nofp/libcr_semihost_nf.a(_cr_assert.o)
                              ./source/test_dsp_fft.o (__assertion_failed)
/Applications/MCUXpressoIDE_11.6.0_8187/ide/plugins/com.nxp.mcuxpresso.tools.macosx_11.6.0.202112161359/tools/bin/../lib/gcc/arm-none-eabi/10.3.1/../../../../arm-none-eabi/lib/thumb/v6-m/nofp/libcr_semihost_nf.a(__ciob.o)
                              /Applications/MCUXpressoIDE_11.6.0_8187/ide/plugins/com.nxp.mcuxpresso.tools.macosx_11.6.0.202112161359/tools/bin/../lib/gcc/arm-none-eabi/10.3.1/../../../../arm-none-eabi/lib/thumb/v6-m/nofp/libcr_semihost_nf.a(_cr_assert.o) (__Ciob)
/Applications/MCUXpressoIDE_11.6.0_8187/ide/plugins/com.nxp.mcuxpresso.tools.macosx_11.6.0.202112161359/tools/bin/../lib/gcc/arm-none-eabi/10.3.1/../../../../arm-none-eabi/lib/thumb/v6-m/nofp/libcr_semihost_nf.a(__sys_appexit.o)
                              /Applications/MCUXpressoIDE_11.6.0_8187/ide/plugins/com.nxp.mcuxpresso.tools.macosx_11.6.0.202112161359/tools/bin/../lib/gcc/arm-none-eabi/10.3.1/../../../../arm-none-eabi/lib/thumb/v6-m/nofp/libcr_semihost_nf.a(_cr_assert.o) (__sys_appexit)
/Applications/MCUXpressoIDE_11.6.0_8187/ide/plugins/com.nxp.mcuxpresso.tools.macosx_11.6.0.202112161359/tools/bin/../lib/gcc/arm-none-eabi/10.3.1/../../../../arm-none-eabi/lib/thumb/v6-m/nofp/libcr_c.a(memcpy.o)
                              ./source/test_dsp_fft.o (memcpy)
/Applications/MCUXpressoIDE_11.6.0_8187/ide/plugins/com.nxp.mcuxpresso.tools.macosx_11.6.0.202112161359/tools/bin/../lib/gcc/arm-none-eabi/10.3.1/../../../../arm-none-eabi/lib/thumb/v6-m/nofp/libcr_c.a(memset.o)
                              ./source/dsp_fft.o (memset)
/Applications/MCUXpressoIDE_11.6.0_8187/ide/plugins/com.nxp.mcuxpresso.tools.macosx_11.6.0.202112161359/tools/bin/../lib/gcc/arm-none-eabi/10.3.1/../../../../arm-none-eabi/lib/thumb/v6-m/nofp/libcr_c.a(_deferredlazyseek.o)
                              /Applications/MCUXpressoIDE_11.6.0_8187/ide/plugins/com.nxp.mcuxpresso.tools.macosx_11.6.0.202112161359/tools/bin/../lib/gcc/arm-none-eabi/10.3.1/../../../../arm-none-eabi/lib/thumb/v6-m/nofp/libcr_semihost_nf.a(_cr_assert.o) (__flsbuf)
/Applications/MCUXpressoIDE_11.6.0_8187/ide/plugins/com.nxp.mcuxpresso.tools.macosx_11.6.0.202112161359/tools/bin/../lib/gcc/arm-none-eabi/10.3.1/../../../../arm-none-eabi/lib/thumb/v6-m/nofp/libcr_c.a(_fflush.o)
[...]
Memory Configuration

Name             Origin             Length             Attributes
PROGRAM_FLASH    0x0000000000000000 0x0000000000020000 xr
SRAM             0x000000001ffff000 0x0000000000004000 xrw
*default*        0x0000000000000000 0xffffffffffffffff

Linker script and memory map

LOAD ./utilities/fsl_debug_console.o
LOAD ./startup/startup_mkl25z4.o
LOAD ./source/analog_peripherals.o
LOAD ./source/dsp_fft.o
LOAD ./source/leds.o
LOAD ./source/main.o
LOAD ./source/mtb.o
LOAD ./source/semihost_hardfault.o
LOAD ./source/test_dsp_fft.o
LOAD ./source/touch_sensor.o
LOAD ./source/tpm_sync.o
LOAD ./drivers/fsl_clock.o
LOAD ./drivers/fsl_common.o
LOAD ./drivers/fsl_flash.o
LOAD ./drivers/fsl_gpio.o
LOAD ./drivers/fsl_lpsci.o
LOAD ./drivers/fsl_smc.o
LOAD ./drivers/fsl_uart.o
LOAD ./board/board.o
LOAD ./board/clock_config.o
LOAD ./board/peripherals.o
LOAD ./board/pin_mux.o
LOAD ./CMSIS/system_MKL25Z4.o
LOAD /Users/ip/MCUX/SDK_2_2_0_FRDM-KL25Z/CMSIS/Lib/GCC/libarm_cortexM0l_math.a
START GROUP
LOAD /Applications/MCUXpressoIDE_11.6.0_8187/ide/plugins/com.nxp.mcuxpresso.tools.macosx_11.6.0.202112161359/tools/bin/../lib/gcc/arm-none-eabi/10.3.1/../../../../arm-none-eabi/lib/thumb/v6-m/nofp/libcr_semihost_nf.a
LOAD /Applications/MCUXpressoIDE_11.6.0_8187/ide/plugins/com.nxp.mcuxpresso.tools.macosx_11.6.0.202112161359/tools/bin/../lib/gcc/arm-none-eabi/10.3.1/../../../../arm-none-eabi/lib/thumb/v6-m/nofp/libcr_c.a
LOAD /Applications/MCUXpressoIDE_11.6.0_8187/ide/plugins/com.nxp.mcuxpresso.tools.macosx_11.6.0.202112161359/tools/bin/../lib/gcc/arm-none-eabi/10.3.1/thumb/v6-m/nofp/libcr_eabihelpers.a
LOAD /Applications/MCUXpressoIDE_11.6.0_8187/ide/plugins/com.nxp.mcuxpresso.tools.macosx_11.6.0.202112161359/tools/bin/../lib/gcc/arm-none-eabi/10.3.1/thumb/v6-m/nofp/libgcc.a
END GROUP
                0x0000000000000000                __base_PROGRAM_FLASH = 0x0
                0x0000000000000000                __base_Flash = 0x0
                0x0000000000020000                __top_PROGRAM_FLASH = 0x20000
                0x0000000000020000                __top_Flash = 0x20000
                0x000000001ffff000                __base_SRAM = 0x1ffff000
                0x000000001ffff000                __base_RAM = 0x1ffff000
                0x0000000020003000                __top_SRAM = 0x20003000
                0x0000000020003000                __top_RAM = 0x20003000

.text           0x0000000000000000    0x182cc
 FILL mask 0xff
                0x0000000000000000                __vectors_start__ = ABSOLUTE (.)
 *(SORT_BY_ALIGNMENT(.isr_vector))
 .isr_vector    0x0000000000000000       0xc0 ./startup/startup_mkl25z4.o
                0x0000000000000000                __Vectors
                0x0000000000000000                g_pfnVectors
                0x00000000000000c0                . = ALIGN (0x4)
                0x00000000000000c0                __section_table_start = .
                0x00000000000000c0                __data_section_table = .
                0x00000000000000c0        0x4 LONG 0x182cc LOADADDR (.data)
                0x00000000000000c4        0x4 LONG 0x1ffff080 ADDR (.data)
                0x00000000000000c8        0x4 LONG 0x8 SIZEOF (.data)
                0x00000000000000cc                __data_section_table_end = .
                0x00000000000000cc                __bss_section_table = .
                0x00000000000000cc        0x4 LONG 0x1ffff088 ADDR (.bss)
                0x00000000000000d0        0x4 LONG 0xd34 SIZEOF (.bss)
                0x00000000000000d4                __bss_section_table_end = .
                0x00000000000000d4                __section_table_end = .
 *(SORT_BY_ALIGNMENT(.after_vectors*))
 .after_vectors.reset
                0x00000000000000d4       0x4c ./startup/startup_mkl25z4.o
                0x00000000000000d4                ResetISR
 .after_vectors.init_data
                0x0000000000000120       0x12 ./startup/startup_mkl25z4.o
                0x0000000000000120                data_init
 .after_vectors.init_bss
                0x0000000000000132       0x10 ./startup/startup_mkl25z4.o
                0x0000000000000132                bss_init
 .after_vectors
                0x0000000000000142      0x10c ./startup/startup_mkl25z4.o
                0x0000000000000142                NMI_Handler
                0x0000000000000146                SVC_Handler
                0x0000000000000148                PendSV_Handler
                0x000000000000014a                SysTick_Handler
                0x000000000000014c                LPTMR0_DriverIRQHandler
                0x000000000000014c                RTC_Seconds_DriverIRQHandler
                0x000000000000014c                Reserved39_DriverIRQHandler
                0x000000000000014c                DMA0_DriverIRQHandler
                0x000000000000014c                SPI1_DriverIRQHandler
                0x000000000000014c                TPM2_DriverIRQHandler
                0x000000000000014c                TSI0_DriverIRQHandler
                0x000000000000014c                PIT_DriverIRQHandler
                0x000000000000014c                LLWU_DriverIRQHandler
                0x000000000000014c                MCG_DriverIRQHandler
                0x000000000000014c                FTFA_DriverIRQHandler
                0x000000000000014c                IntDefaultHandler
                0x000000000000014c                USB0_DriverIRQHandler
                0x000000000000014c                DAC0_DriverIRQHandler
                0x000000000000014c                LVD_LVW_DriverIRQHandler
                0x000000000000014c                TPM0_DriverIRQHandler
                0x000000000000014c                Reserved20_DriverIRQHandler
                0x000000000000014c                DMA3_DriverIRQHandler
                0x000000000000014c                Reserved45_DriverIRQHandler
                0x000000000000014c                PORTA_DriverIRQHandler
                0x000000000000014c                TPM1_DriverIRQHandler
                0x000000000000014c                RTC_DriverIRQHandler
                0x000000000000014c                DMA1_DriverIRQHandler
                0x000000000000014c                I2C1_DriverIRQHandler
                0x000000000000014c                SPI0_DriverIRQHandler
                0x000000000000014c                ADC0_DriverIRQHandler
                0x000000000000014c                CMP0_DriverIRQHandler
                0x000000000000014c                DMA2_DriverIRQHandler
                0x000000000000014c                PORTD_DriverIRQHandler
                0x000000000000014c                I2C0_DriverIRQHandler
                0x0000000000000156                DMA1_IRQHandler
                0x000000000000015e                DMA2_IRQHandler
                0x0000000000000166                DMA3_IRQHandler
                0x000000000000016e                Reserved20_IRQHandler
                0x0000000000000176                FTFA_IRQHandler
                0x000000000000017e                LVD_LVW_IRQHandler
                0x0000000000000186                LLWU_IRQHandler
                0x000000000000018e                I2C0_IRQHandler
                0x0000000000000196                I2C1_IRQHandler
                0x000000000000019e                SPI0_IRQHandler
                0x00000000000001a6                SPI1_IRQHandler
                0x00000000000001ae                UART0_IRQHandler
                0x00000000000001b6                UART1_IRQHandler
                0x00000000000001be                UART2_IRQHandler
                0x00000000000001c6                ADC0_IRQHandler
                0x00000000000001ce                CMP0_IRQHandler
                0x00000000000001d6                TPM0_IRQHandler
                0x00000000000001de                TPM1_IRQHandler
                0x00000000000001e6                TPM2_IRQHandler
                0x00000000000001ee                RTC_IRQHandler
                0x00000000000001f6                RTC_Seconds_IRQHandler
                0x00000000000001fe                PIT_IRQHandler
                0x0000000000000206                Reserved39_IRQHandler
                0x000000000000020e                USB0_IRQHandler
                0x0000000000000216                DAC0_IRQHandler
                0x0000000000000226                MCG_IRQHandler
                0x000000000000022e                LPTMR0_IRQHandler
                0x0000000000000236                Reserved45_IRQHandler
                0x000000000000023e                PORTA_IRQHandler
                0x0000000000000246                PORTD_IRQHandler
                0x0000000000000400                . = 0x400
 *fill*         0x000000000000024e      0x1b2 ff
                0x0000000000000400                PROVIDE (__FLASH_CONFIG_START__ = .)
 *(SORT_BY_ALIGNMENT(.FlashConfig))
 .FlashConfig   0x0000000000000400       0x10 ./startup/startup_mkl25z4.o
                0x0000000000000400                Flash_Config
                0x0000000000000410                PROVIDE (__FLASH_CONFIG_END__ = .)
                0x0000000000000001                ASSERT (! ((__FLASH_CONFIG_START__ == __FLASH_CONFIG_END__)), Linker Flash Config Support Enabled, but no .FlashConfig section provided within application)
 *(SORT_BY_ALIGNMENT(.text*))
 .text.DbgConsole_Init
                0x0000000000000410       0xf4 ./utilities/fsl_debug_console.o
                0x0000000000000410                DbgConsole_Init
 .text.NVIC_EnableIRQ
                0x0000000000000504       0x2c ./source/analog_peripherals.o
 .text.NVIC_ClearPendingIRQ
                0x0000000000000530       0x30 ./source/analog_peripherals.o
 .text.NVIC_SetPriority
                0x0000000000000560       0xdc ./source/analog_peripherals.o
 .text.analog_init
                0x000000000000063c       0x3c ./source/analog_peripherals.o
                0x000000000000063c                analog_init
 .text.is_adc_pong_full
                0x0000000000000678       0x14 ./source/analog_peripherals.o
                0x0000000000000678                is_adc_pong_full
 .text.get_samples
                0x000000000000068c       0xb8 ./source/analog_peripherals.o
                0x000000000000068c                get_samples
 .text.DMA0_IRQHandler
                0x0000000000000744       0x30 ./source/analog_peripherals.o
                0x0000000000000744                DMA0_IRQHandler
 .text.init_adc0
                0x0000000000000774      0x140 ./source/analog_peripherals.o
                0x0000000000000774                init_adc0
 .text.init_dma0
                0x00000000000008b4       0xa0 ./source/analog_peripherals.o
                0x00000000000008b4                init_dma0
 .text.init_tpm0
                0x0000000000000954       0x74 ./source/analog_peripherals.o
                0x0000000000000954                init_tpm0
 .text.dsp_fft_max_pitch
                0x00000000000009c8       0x94 ./source/dsp_fft.o
                0x00000000000009c8                dsp_fft_max_pitch
 .text.dsp_fft_pitch_detect
                0x0000000000000a5c       0x98 ./source/dsp_fft.o
                0x0000000000000a5c                dsp_fft_pitch_detect
 .text.dsp_fft_mag
                0x0000000000000af4      0x190 ./source/dsp_fft.o
                0x0000000000000af4                dsp_fft_mag
 .text.init_rgb_led
                0x0000000000000c84       0xb0 ./source/leds.o
                0x0000000000000c84                init_rgb_led
 .text.main     0x0000000000000d34      0x110 ./source/main.o
                0x0000000000000d34                main
 .text.HardFault_Handler
                0x0000000000000e44       0x30 ./source/semihost_hardfault.o
                0x0000000000000e44                HardFault_Handler
 .text.test_dsp
                0x0000000000000e74      0x248 ./source/test_dsp_fft.o
                0x0000000000000e74                test_dsp
 .text.enable_irq
                0x00000000000010bc       0x48 ./source/touch_sensor.o
 .text.touch_data
                0x0000000000001104       0x30 ./source/touch_sensor.o
                0x0000000000001104                touch_data
 .text.scan_start
                0x0000000000001134       0x24 ./source/touch_sensor.o
 .text.scan_data
                0x0000000000001158       0x20 ./source/touch_sensor.o
 .text.touch_sensor_init
                0x0000000000001178       0xc4 ./source/touch_sensor.o
                0x0000000000001178                touch_sensor_init
 .text.TSI0_IRQHandler
                0x000000000000123c       0x5c ./source/touch_sensor.o
                0x000000000000123c                TSI0_IRQHandler
 .text.init_tpm_sync
                0x0000000000001298       0x7c ./source/tpm_sync.o
                0x0000000000001298                init_tpm_sync
 .text.CLOCK_SetEr32kClock
                0x0000000000001314       0x34 ./drivers/fsl_clock.o
 .text.CLOCK_SetPllFllSelClock
                0x0000000000001348       0x38 ./drivers/fsl_clock.o
 .text.CLOCK_GetMcgExtClkFreq
                0x0000000000001380       0x28 ./drivers/fsl_clock.o
 .text.CLOCK_GetFllExtRefClkFreq
                0x00000000000013a8       0xa8 ./drivers/fsl_clock.o
 .text.CLOCK_GetFllRefClkFreq
                0x0000000000001450       0x2c ./drivers/fsl_clock.o
 .text.CLOCK_GetOscRangeFromFreq
                0x000000000000147c       0x4c ./drivers/fsl_clock.o
 .text.CLOCK_GetPllFllSelClkFreq
                0x00000000000014c8       0x4c ./drivers/fsl_clock.o
                0x00000000000014c8                CLOCK_GetPllFllSelClkFreq
 .text.CLOCK_SetSimConfig
                0x0000000000001514       0x38 ./drivers/fsl_clock.o
                0x0000000000001514                CLOCK_SetSimConfig
 .text.CLOCK_GetFllFreq
                0x000000000000154c       0x84 ./drivers/fsl_clock.o
                0x000000000000154c                CLOCK_GetFllFreq
 .text.CLOCK_GetPll0Freq
                0x00000000000015d0       0x70 ./drivers/fsl_clock.o
                0x00000000000015d0                CLOCK_GetPll0Freq
 .text.CLOCK_SetInternalRefClkConfig
                0x0000000000001640      0x124 ./drivers/fsl_clock.o
                0x0000000000001640                CLOCK_SetInternalRefClkConfig
 .text.CLOCK_EnablePll0
                0x0000000000001764       0x94 ./drivers/fsl_clock.o
                0x0000000000001764                CLOCK_EnablePll0
 .text.CLOCK_InitOsc0
                0x00000000000017f8       0x94 ./drivers/fsl_clock.o
                0x00000000000017f8                CLOCK_InitOsc0
 .text.CLOCK_SetPbeMode
                0x000000000000188c       0xb0 ./drivers/fsl_clock.o
                0x000000000000188c                CLOCK_SetPbeMode
 .text.CLOCK_BootToPeeMode
                0x000000000000193c       0x70 ./drivers/fsl_clock.o
                0x000000000000193c                CLOCK_BootToPeeMode
 .text.CLOCK_EnableClock
                0x00000000000019ac       0x34 ./drivers/fsl_lpsci.o
 .text.LPSCI_GetInstance
                0x00000000000019e0       0x48 ./drivers/fsl_lpsci.o
                0x00000000000019e0                LPSCI_GetInstance
 .text.LPSCI_Init
                0x0000000000001a28      0x258 ./drivers/fsl_lpsci.o
                0x0000000000001a28                LPSCI_Init
 .text.LPSCI_GetDefaultConfig
                0x0000000000001c80       0x44 ./drivers/fsl_lpsci.o
                0x0000000000001c80                LPSCI_GetDefaultConfig
 .text.LPSCI_ClearStatusFlags
                0x0000000000001cc4       0x94 ./drivers/fsl_lpsci.o
                0x0000000000001cc4                LPSCI_ClearStatusFlags
 .text.LPSCI_WriteBlocking
                0x0000000000001d58       0x4c ./drivers/fsl_lpsci.o
                0x0000000000001d58                LPSCI_WriteBlocking
 .text.LPSCI_ReadBlocking
                0x0000000000001da4       0xc0 ./drivers/fsl_lpsci.o
                0x0000000000001da4                LPSCI_ReadBlocking
 .text.UART0_DriverIRQHandler
                0x0000000000001e64       0x24 ./drivers/fsl_lpsci.o
                0x0000000000001e64                UART0_DriverIRQHandler
 .text.CLOCK_EnableClock
                0x0000000000001e88       0x34 ./drivers/fsl_uart.o
 .text.UART_GetInstance
                0x0000000000001ebc       0x54 ./drivers/fsl_uart.o
                0x0000000000001ebc                UART_GetInstance
 .text.UART_Init
                0x0000000000001f10      0x1e0 ./drivers/fsl_uart.o
                0x0000000000001f10                UART_Init
 .text.UART_GetDefaultConfig
                0x00000000000020f0       0x44 ./drivers/fsl_uart.o
                0x00000000000020f0                UART_GetDefaultConfig
 .text.UART_ReadBlocking
                0x0000000000002134       0x98 ./drivers/fsl_uart.o
                0x0000000000002134                UART_ReadBlocking
 .text.UART1_DriverIRQHandler
                0x00000000000021cc       0x24 ./drivers/fsl_uart.o
                0x00000000000021cc                UART1_DriverIRQHandler
 .text.UART2_DriverIRQHandler
                0x00000000000021f0       0x24 ./drivers/fsl_uart.o
                0x00000000000021f0                UART2_DriverIRQHandler
 .text.CLOCK_SetLpsci0Clock
                0x0000000000002214       0x38 ./board/board.o
 .text.BOARD_InitDebugConsole
                0x000000000000224c       0x30 ./board/board.o
                0x000000000000224c                BOARD_InitDebugConsole
 .text.CLOCK_SetSimSafeDivs
                0x000000000000227c       0x20 ./board/clock_config.o
 .text.CLOCK_SetXtal0Freq
                0x000000000000229c       0x1c ./board/clock_config.o
 .text.CLOCK_CONFIG_SetFllExtRefDiv
                0x00000000000022b8       0x3c ./board/clock_config.o
 .text.BOARD_BootClockRUN
                0x00000000000022f4       0x64 ./board/clock_config.o
                0x00000000000022f4                BOARD_BootClockRUN
 .text.CLOCK_EnableClock
                0x0000000000002358       0x34 ./board/pin_mux.o
 .text.PORT_SetPinMux
                0x000000000000238c       0x40 ./board/pin_mux.o
 .text.BOARD_InitPins
                0x00000000000023cc       0x4c ./board/pin_mux.o
                0x00000000000023cc                BOARD_InitPins
 .text.SystemInit
                0x0000000000002418       0x18 ./CMSIS/system_MKL25Z4.o
                0x0000000000002418                SystemInit
 .text.arm_split_rfft_q15
                0x0000000000002430      0x148 /Users/ip/MCUX/SDK_2_2_0_FRDM-KL25Z/CMSIS/Lib/GCC/libarm_cortexM0l_math.a(arm_rfft_q15.o)
                0x0000000000002430                arm_split_rfft_q15
 .text.arm_rfft_q15
                0x0000000000002578      0x128 /Users/ip/MCUX/SDK_2_2_0_FRDM-KL25Z/CMSIS/Lib/GCC/libarm_cortexM0l_math.a(arm_rfft_q15.o)
                0x0000000000002578                arm_rfft_q15
 .text.arm_rfft_init_q15
                0x00000000000026a0       0xf8 /Users/ip/MCUX/SDK_2_2_0_FRDM-KL25Z/CMSIS/Lib/GCC/libarm_cortexM0l_math.a(arm_rfft_init_q15.o)
                0x00000000000026a0                arm_rfft_init_q15
 .text.arm_cmplx_mag_squared_q15
                0x0000000000002798       0x58 /Users/ip/MCUX/SDK_2_2_0_FRDM-KL25Z/CMSIS/Lib/GCC/libarm_cortexM0l_math.a(arm_cmplx_mag_squared_q15.o)
                0x0000000000002798                arm_cmplx_mag_squared_q15
 .text.arm_cfft_radix4by2_q15
                0x00000000000027f0      0x124 /Users/ip/MCUX/SDK_2_2_0_FRDM-KL25Z/CMSIS/Lib/GCC/libarm_cortexM0l_math.a(arm_cfft_q15.o)
                0x00000000000027f0                arm_cfft_radix4by2_q15
 .text.arm_cfft_radix4by2_inverse_q15
                0x0000000000002914      0x130 /Users/ip/MCUX/SDK_2_2_0_FRDM-KL25Z/CMSIS/Lib/GCC/libarm_cortexM0l_math.a(arm_cfft_q15.o)
                0x0000000000002914                arm_cfft_radix4by2_inverse_q15
 .text.arm_cfft_q15
                0x0000000000002a44       0xc8 /Users/ip/MCUX/SDK_2_2_0_FRDM-KL25Z/CMSIS/Lib/GCC/libarm_cortexM0l_math.a(arm_cfft_q15.o)
                0x0000000000002a44                arm_cfft_q15
 .text.arm_radix4_butterfly_q15
                0x0000000000002b0c      0x8d4 /Users/ip/MCUX/SDK_2_2_0_FRDM-KL25Z/CMSIS/Lib/GCC/libarm_cortexM0l_math.a(arm_cfft_radix4_q15.o)
                0x0000000000002b0c                arm_radix4_butterfly_q15
 .text.arm_radix4_butterfly_inverse_q15
                0x00000000000033e0      0x898 /Users/ip/MCUX/SDK_2_2_0_FRDM-KL25Z/CMSIS/Lib/GCC/libarm_cortexM0l_math.a(arm_cfft_radix4_q15.o)
                0x00000000000033e0                arm_radix4_butterfly_inverse_q15
 .text.__assertion_failed
                0x0000000000003c78       0x4c /Applications/MCUXpressoIDE_11.6.0_8187/ide/plugins/com.nxp.mcuxpresso.tools.macosx_11.6.0.202112161359/tools/bin/../lib/gcc/arm-none-eabi/10.3.1/../../../../arm-none-eabi/lib/thumb/v6-m/nofp/libcr_semihost_nf.a(_cr_assert.o)
                0x0000000000003c78                __assertion_failed
 .text.__sys_appexit
                0x0000000000003cc4        0xc /Applications/MCUXpressoIDE_11.6.0_8187/ide/plugins/com.nxp.mcuxpresso.tools.macosx_11.6.0.202112161359/tools/bin/../lib/gcc/arm-none-eabi/10.3.1/../../../../arm-none-eabi/lib/thumb/v6-m/nofp/libcr_semihost_nf.a(__sys_appexit.o)
                0x0000000000003cc4                __exit
                0x0000000000003cc4                __sys_appexit
 .text._deferredlazyseek
                0x0000000000003cd0       0x40 /Applications/MCUXpressoIDE_11.6.0_8187/ide/plugins/com.nxp.mcuxpresso.tools.macosx_11.6.0.202112161359/tools/bin/../lib/gcc/arm-none-eabi/10.3.1/../../../../arm-none-eabi/lib/thumb/v6-m/nofp/libcr_c.a(_deferredlazyseek.o)
                0x0000000000003cd0                _deferredlazyseek
 .text.__flsbuf
                0x0000000000003d10      0x150 /Applications/MCUXpressoIDE_11.6.0_8187/ide/plugins/com.nxp.mcuxpresso.tools.macosx_11.6.0.202112161359/tools/bin/../lib/gcc/arm-none-eabi/10.3.1/../../../../arm-none-eabi/lib/thumb/v6-m/nofp/libcr_c.a(_deferredlazyseek.o)
                0x0000000000003d10                __flsbuf
 .text._fflush  0x0000000000003e60       0x60 /Applications/MCUXpressoIDE_11.6.0_8187/ide/plugins/com.nxp.mcuxpresso.tools.macosx_11.6.0.202112161359/tools/bin/../lib/gcc/arm-none-eabi/10.3.1/../../../../arm-none-eabi/lib/thumb/v6-m/nofp/libcr_c.a(_fflush.o)
                0x0000000000003e60                _fflush
 .text._Cwritebuf
                0x0000000000003ec0       0x68 /Applications/MCUXpressoIDE_11.6.0_8187/ide/plugins/com.nxp.mcuxpresso.tools.macosx_11.6.0.202112161359/tools/bin/../lib/gcc/arm-none-eabi/10.3.1/../../../../arm-none-eabi/lib/thumb/v6-m/nofp/libcr_c.a(_writebuf.o)
                0x0000000000003ec0                _Cwritebuf
 .text.malloc   0x0000000000003f28       0xcc /Applications/MCUXpressoIDE_11.6.0_8187/ide/plugins/com.nxp.mcuxpresso.tools.macosx_11.6.0.202112161359/tools/bin/../lib/gcc/arm-none-eabi/10.3.1/../../../../arm-none-eabi/lib/thumb/v6-m/nofp/libcr_c.a(alloc.o)
                0x0000000000003f28                malloc
 .text._Csys_alloc
                0x0000000000003ff4       0x20 /Applications/MCUXpressoIDE_11.6.0_8187/ide/plugins/com.nxp.mcuxpresso.tools.macosx_11.6.0.202112161359/tools/bin/../lib/gcc/arm-none-eabi/10.3.1/../../../../arm-none-eabi/lib/thumb/v6-m/nofp/libcr_c.a(alloc.o)
                0x0000000000003ff4                _Csys_alloc
 .text.fseek    0x0000000000004014       0xf0 /Applications/MCUXpressoIDE_11.6.0_8187/ide/plugins/com.nxp.mcuxpresso.tools.macosx_11.6.0.202112161359/tools/bin/../lib/gcc/arm-none-eabi/10.3.1/../../../../arm-none-eabi/lib/thumb/v6-m/nofp/libcr_c.a(fseek.o)
                0x0000000000004014                fseek
 .text.ftell    0x0000000000004104       0x48 /Applications/MCUXpressoIDE_11.6.0_8187/ide/plugins/com.nxp.mcuxpresso.tools.macosx_11.6.0.202112161359/tools/bin/../lib/gcc/arm-none-eabi/10.3.1/../../../../arm-none-eabi/lib/thumb/v6-m/nofp/libcr_c.a(ftell.o)
                0x0000000000004104                ftell
 .text._initio  0x000000000000414c       0x7c /Applications/MCUXpressoIDE_11.6.0_8187/ide/plugins/com.nxp.mcuxpresso.tools.macosx_11.6.0.202112161359/tools/bin/../lib/gcc/arm-none-eabi/10.3.1/../../../../arm-none-eabi/lib/thumb/v6-m/nofp/libcr_c.a(initio.o)
                0x000000000000414c                _initio
 .text.__vfprintf
                0x00000000000041c8      0xd40 /Applications/MCUXpressoIDE_11.6.0_8187/ide/plugins/com.nxp.mcuxpresso.tools.macosx_11.6.0.202112161359/tools/bin/../lib/gcc/arm-none-eabi/10.3.1/../../../../arm-none-eabi/lib/thumb/v6-m/nofp/libcr_c.a(printf.o)
                0x00000000000041c8                __vfprintf
 .text._vsnprintf
                0x0000000000004f08       0x70 /Applications/MCUXpressoIDE_11.6.0_8187/ide/plugins/com.nxp.mcuxpresso.tools.macosx_11.6.0.202112161359/tools/bin/../lib/gcc/arm-none-eabi/10.3.1/../../../../arm-none-eabi/lib/thumb/v6-m/nofp/libcr_c.a(printf.o)
                0x0000000000004f08                _vsnprintf
 .text._printf  0x0000000000004f78       0x50 /Applications/MCUXpressoIDE_11.6.0_8187/ide/plugins/com.nxp.mcuxpresso.tools.macosx_11.6.0.202112161359/tools/bin/../lib/gcc/arm-none-eabi/10.3.1/../../../../arm-none-eabi/lib/thumb/v6-m/nofp/libcr_c.a(printf.o)
                0x0000000000004f78                _printf
 .text.setvbuf  0x0000000000004fc8       0x4c /Applications/MCUXpressoIDE_11.6.0_8187/ide/plugins/com.nxp.mcuxpresso.tools.macosx_11.6.0.202112161359/tools/bin/../lib/gcc/arm-none-eabi/10.3.1/../../../../arm-none-eabi/lib/thumb/v6-m/nofp/libcr_c.a(setvbuf.o)
                0x0000000000004fc8                setvbuf
 .text.strlen   0x0000000000005014       0x58 /Applications/MCUXpressoIDE_11.6.0_8187/ide/plugins/com.nxp.mcuxpresso.tools.macosx_11.6.0.202112161359/tools/bin/../lib/gcc/arm-none-eabi/10.3.1/../../../../arm-none-eabi/lib/thumb/v6-m/nofp/libcr_c.a(strlen.o)
                0x0000000000005014                strlen
 .text._sbrk    0x000000000000506c       0x44 /Applications/MCUXpressoIDE_11.6.0_8187/ide/plugins/com.nxp.mcuxpresso.tools.macosx_11.6.0.202112161359/tools/bin/../lib/gcc/arm-none-eabi/10.3.1/../../../../arm-none-eabi/lib/thumb/v6-m/nofp/libcr_c.a(_cr_sbrk.o)
                0x000000000000506c                _sbrk
 .text._fdopen  0x00000000000050b0       0x74 /Applications/MCUXpressoIDE_11.6.0_8187/ide/plugins/com.nxp.mcuxpresso.tools.macosx_11.6.0.202112161359/tools/bin/../lib/gcc/arm-none-eabi/10.3.1/../../../../arm-none-eabi/lib/thumb/v6-m/nofp/libcr_c.a(_fdopen.o)
                0x00000000000050b0                _fdopen
 .text.fclose   0x0000000000005124       0x5c /Applications/MCUXpressoIDE_11.6.0_8187/ide/plugins/com.nxp.mcuxpresso.tools.macosx_11.6.0.202112161359/tools/bin/../lib/gcc/arm-none-eabi/10.3.1/../../../../arm-none-eabi/lib/thumb/v6-m/nofp/libcr_c.a(fclose.o)
                0x0000000000005124                fclose
 .text.fflush   0x0000000000005180       0x44 /Applications/MCUXpressoIDE_11.6.0_8187/ide/plugins/com.nxp.mcuxpresso.tools.macosx_11.6.0.202112161359/tools/bin/../lib/gcc/arm-none-eabi/10.3.1/../../../../arm-none-eabi/lib/thumb/v6-m/nofp/libcr_c.a(fflush.o)
                0x0000000000005180                fflush
 .text.__check_heap_overflow
                0x00000000000051c4       0x18 /Applications/MCUXpressoIDE_11.6.0_8187/ide/plugins/com.nxp.mcuxpresso.tools.macosx_11.6.0.202112161359/tools/bin/../lib/gcc/arm-none-eabi/10.3.1/../../../../arm-none-eabi/lib/thumb/v6-m/nofp/libcr_c.a(_cr_check_heap.o)
                0x00000000000051c4                __check_heap_overflow
 .text._do_fflush
                0x00000000000051dc       0x48 /Applications/MCUXpressoIDE_11.6.0_8187/ide/plugins/com.nxp.mcuxpresso.tools.macosx_11.6.0.202112161359/tools/bin/../lib/gcc/arm-none-eabi/10.3.1/../../../../arm-none-eabi/lib/thumb/v6-m/nofp/libcr_c.a(_do_fflush.o)
                0x00000000000051dc                _do_fflush
 .text.UART_EnableTx
                0x0000000000005224       0x40 ./utilities/fsl_debug_console.o
 .text.UART_EnableRx
                0x0000000000005264       0x40 ./utilities/fsl_debug_console.o
 .text.LPSCI_EnableTx
                0x00000000000052a4       0x40 ./utilities/fsl_debug_console.o
 .text.LPSCI_EnableRx
                0x00000000000052e4       0x40 ./utilities/fsl_debug_console.o
 .text.system_init
                0x0000000000005324       0x22 ./source/main.o
                0x0000000000005324                system_init
 .text.OSC_SetExtRefClkConfig
                0x0000000000005346       0x3e ./drivers/fsl_clock.o
 .text.OSC_SetCapLoad
                0x0000000000005384       0x42 ./drivers/fsl_clock.o
 .text.CLOCK_GetPll0RefFreq
                0x00000000000053c6       0x10 ./drivers/fsl_clock.o
 .text.CLOCK_SetExternalRefClkConfig
                0x00000000000053d6       0x16 ./drivers/fsl_clock.o
                0x00000000000053d6                CLOCK_SetExternalRefClkConfig
 .text.LPSCI_GetStatusFlags
                0x00000000000053ec       0x26 ./drivers/fsl_lpsci.o
                0x00000000000053ec                LPSCI_GetStatusFlags
 .text.UART_GetStatusFlags
                0x0000000000005412       0x26 ./drivers/fsl_uart.o
                0x0000000000005412                UART_GetStatusFlags
 .text.UART_WriteBlocking
                0x0000000000005438       0x3c ./drivers/fsl_uart.o
                0x0000000000005438                UART_WriteBlocking
 .text.BOARD_InitBootClocks
                0x0000000000005474        0xe ./board/clock_config.o
                0x0000000000005474                BOARD_InitBootClocks
 .text.BOARD_InitBootPeripherals
                0x0000000000005482        0xa ./board/peripherals.o
                0x0000000000005482                BOARD_InitBootPeripherals
 .text.BOARD_InitBootPins
                0x000000000000548c        0xe ./board/pin_mux.o
                0x000000000000548c                BOARD_InitBootPins
 .text          0x000000000000549a       0x50 /Users/ip/MCUX/SDK_2_2_0_FRDM-KL25Z/CMSIS/Lib/GCC/libarm_cortexM0l_math.a(arm_bitreversal2.o)
                0x000000000000549a                arm_bitreversal_32
                0x00000000000054c4                arm_bitreversal_16
 .text.__main   0x00000000000054ea        0xc /Applications/MCUXpressoIDE_11.6.0_8187/ide/plugins/com.nxp.mcuxpresso.tools.macosx_11.6.0.202112161359/tools/bin/../lib/gcc/arm-none-eabi/10.3.1/../../../../arm-none-eabi/lib/thumb/v6-m/nofp/libcr_semihost_nf.a(_cr__main.o)
                0x00000000000054ea                __main
                0x00000000000054ea                __CR_SEMIHOST
 .text.memcpy   0x00000000000054f6        0x8 /Applications/MCUXpressoIDE_11.6.0_8187/ide/plugins/com.nxp.mcuxpresso.tools.macosx_11.6.0.202112161359/tools/bin/../lib/gcc/arm-none-eabi/10.3.1/../../../../arm-none-eabi/lib/thumb/v6-m/nofp/libcr_c.a(memcpy.o)
                0x00000000000054f6                memcpy
 .text.memset   0x00000000000054fe        0x8 /Applications/MCUXpressoIDE_11.6.0_8187/ide/plugins/com.nxp.mcuxpresso.tools.macosx_11.6.0.202112161359/tools/bin/../lib/gcc/arm-none-eabi/10.3.1/../../../../arm-none-eabi/lib/thumb/v6-m/nofp/libcr_c.a(memset.o)
                0x00000000000054fe                memset
 .text.free     0x0000000000005506       0x2c /Applications/MCUXpressoIDE_11.6.0_8187/ide/plugins/com.nxp.mcuxpresso.tools.macosx_11.6.0.202112161359/tools/bin/../lib/gcc/arm-none-eabi/10.3.1/../../../../arm-none-eabi/lib/thumb/v6-m/nofp/libcr_c.a(alloc.o)
                0x0000000000005506                free
 .text.fputs    0x0000000000005532       0x2e /Applications/MCUXpressoIDE_11.6.0_8187/ide/plugins/com.nxp.mcuxpresso.tools.macosx_11.6.0.202112161359/tools/bin/../lib/gcc/arm-none-eabi/10.3.1/../../../../arm-none-eabi/lib/thumb/v6-m/nofp/libcr_c.a(fputs.o)
                0x0000000000005532                fputs
 .text.no_fp_display
                0x0000000000005560        0x4 /Applications/MCUXpressoIDE_11.6.0_8187/ide/plugins/com.nxp.mcuxpresso.tools.macosx_11.6.0.202112161359/tools/bin/../lib/gcc/arm-none-eabi/10.3.1/../../../../arm-none-eabi/lib/thumb/v6-m/nofp/libcr_c.a(printf.o)
 .text.remove   0x0000000000005564       0x12 /Applications/MCUXpressoIDE_11.6.0_8187/ide/plugins/com.nxp.mcuxpresso.tools.macosx_11.6.0.202112161359/tools/bin/../lib/gcc/arm-none-eabi/10.3.1/../../../../arm-none-eabi/lib/thumb/v6-m/nofp/libcr_c.a(remove.o)
                0x0000000000005564                remove
 .text.__aeabi_division_idivmod
                0x0000000000005576       0x78 /Applications/MCUXpressoIDE_11.6.0_8187/ide/plugins/com.nxp.mcuxpresso.tools.macosx_11.6.0.202112161359/tools/bin/../lib/gcc/arm-none-eabi/10.3.1/thumb/v6-m/nofp/libcr_eabihelpers.a(division_32.o)
                0x0000000000005576                __aeabi_idiv
                0x0000000000005576                __aeabi_idivmod
                0x000000000000557c                __aeabi_uidiv
                0x000000000000557c                __aeabi_uidivmod
 .text.__aeabi_division_idiv0
                0x00000000000055ee        0x2 /Applications/MCUXpressoIDE_11.6.0_8187/ide/plugins/com.nxp.mcuxpresso.tools.macosx_11.6.0.202112161359/tools/bin/../lib/gcc/arm-none-eabi/10.3.1/thumb/v6-m/nofp/libcr_eabihelpers.a(division_idiv0.o)
                0x00000000000055ee                __aeabi_idiv0
 .text.__aeabi_llong_lmul
                0x00000000000055f0       0x2e /Applications/MCUXpressoIDE_11.6.0_8187/ide/plugins/com.nxp.mcuxpresso.tools.macosx_11.6.0.202112161359/tools/bin/../lib/gcc/arm-none-eabi/10.3.1/thumb/v6-m/nofp/libcr_eabihelpers.a(llong.o)
                0x00000000000055f0                __aeabi_lmul
 .text.__aeabi_memcpy
                0x000000000000561e       0x2c /Applications/MCUXpressoIDE_11.6.0_8187/ide/plugins/com.nxp.mcuxpresso.tools.macosx_11.6.0.202112161359/tools/bin/../lib/gcc/arm-none-eabi/10.3.1/thumb/v6-m/nofp/libcr_eabihelpers.a(memcpy.o)
                0x000000000000561e                __aeabi_memcpy
                0x000000000000561e                __aeabi_memcpy4
                0x000000000000561e                __aeabi_memcpy8
 .text.__aeabi_memset_lowlevel
                0x000000000000564a       0x2a /Applications/MCUXpressoIDE_11.6.0_8187/ide/plugins/com.nxp.mcuxpresso.tools.macosx_11.6.0.202112161359/tools/bin/../lib/gcc/arm-none-eabi/10.3.1/thumb/v6-m/nofp/libcr_eabihelpers.a(memcpy.o)
                0x000000000000564a                __aeabi_lowlevel_memset
 .text.__gnu_thumb1_case_shi
                0x0000000000005674       0x10 /Applications/MCUXpressoIDE_11.6.0_8187/ide/plugins/com.nxp.mcuxpresso.tools.macosx_11.6.0.202112161359/tools/bin/../lib/gcc/arm-none-eabi/10.3.1/thumb/v6-m/nofp/libcr_eabihelpers.a(thumb1_switch_helpers.o)
                0x0000000000005674                __gnu_thumb1_case_shi
 .text.__sys_close
                0x0000000000005684        0xc /Applications/MCUXpressoIDE_11.6.0_8187/ide/plugins/com.nxp.mcuxpresso.tools.macosx_11.6.0.202112161359/tools/bin/../lib/gcc/arm-none-eabi/10.3.1/../../../../arm-none-eabi/lib/thumb/v6-m/nofp/libcr_semihost_nf.a(__sys_close.o)
                0x0000000000005684                __sys_close
 .text.__sys_flen
                0x0000000000005690        0xc /Applications/MCUXpressoIDE_11.6.0_8187/ide/plugins/com.nxp.mcuxpresso.tools.macosx_11.6.0.202112161359/tools/bin/../lib/gcc/arm-none-eabi/10.3.1/../../../../arm-none-eabi/lib/thumb/v6-m/nofp/libcr_semihost_nf.a(__sys_flen.o)
                0x0000000000005690                __sys_flen
 .text.__sys_istty
                0x000000000000569c        0xc /Applications/MCUXpressoIDE_11.6.0_8187/ide/plugins/com.nxp.mcuxpresso.tools.macosx_11.6.0.202112161359/tools/bin/../lib/gcc/arm-none-eabi/10.3.1/../../../../arm-none-eabi/lib/thumb/v6-m/nofp/libcr_semihost_nf.a(__sys_istty.o)
                0x000000000000569c                __sys_istty
 .text.__sys_remove
                0x00000000000056a8        0xc /Applications/MCUXpressoIDE_11.6.0_8187/ide/plugins/com.nxp.mcuxpresso.tools.macosx_11.6.0.202112161359/tools/bin/../lib/gcc/arm-none-eabi/10.3.1/../../../../arm-none-eabi/lib/thumb/v6-m/nofp/libcr_semihost_nf.a(__sys_remove.o)
                0x00000000000056a8                __sys_remove
 .text.__sys_seek
                0x00000000000056b4        0xc /Applications/MCUXpressoIDE_11.6.0_8187/ide/plugins/com.nxp.mcuxpresso.tools.macosx_11.6.0.202112161359/tools/bin/../lib/gcc/arm-none-eabi/10.3.1/../../../../arm-none-eabi/lib/thumb/v6-m/nofp/libcr_semihost_nf.a(__sys_seek.o)
                0x00000000000056b4                __sys_seek
 .text.__sys_tmpnam
                0x00000000000056c0        0xc /Applications/MCUXpressoIDE_11.6.0_8187/ide/plugins/com.nxp.mcuxpresso.tools.macosx_11.6.0.202112161359/tools/bin/../lib/gcc/arm-none-eabi/10.3.1/../../../../arm-none-eabi/lib/thumb/v6-m/nofp/libcr_semihost_nf.a(__sys_tmpnam.o)
                0x00000000000056c0                __sys_tmpnam
 .text.__sys_write
                0x00000000000056cc        0xc /Applications/MCUXpressoIDE_11.6.0_8187/ide/plugins/com.nxp.mcuxpresso.tools.macosx_11.6.0.202112161359/tools/bin/../lib/gcc/arm-none-eabi/10.3.1/../../../../arm-none-eabi/lib/thumb/v6-m/nofp/libcr_semihost_nf.a(__sys_write.o)
                0x00000000000056cc                __sys_write
 *(SORT_BY_ALIGNMENT(.rodata) SORT_BY_ALIGNMENT(.rodata.*) SORT_BY_ALIGNMENT(.constdata) SORT_BY_ALIGNMENT(.constdata.*))
 .rodata.hanning
                0x00000000000056d8      0x400 ./source/dsp_fft.o
 .rodata.dsp_fft_pitch_detect.str1.4
                0x0000000000005ad8       0xea ./source/dsp_fft.o
 *fill*         0x0000000000005bc2        0x2 ff
 .rodata.dsp_fft_pitch_detect
                0x0000000000005bc4       0x3c ./source/dsp_fft.o
 .rodata.main.str1.4
                0x0000000000005c00       0x25 ./source/main.o
 *fill*         0x0000000000005c25        0x3 ff
 .rodata.test_dsp.str1.4
                0x0000000000005c28      0x1a1 ./source/test_dsp_fft.o
 *fill*         0x0000000000005dc9        0x3 ff
 .rodata        0x0000000000005dcc      0x400 ./source/test_dsp_fft.o
 .rodata.CLOCK_GetMcgExtClkFreq.str1.4
                0x00000000000061cc       0x1e ./drivers/fsl_clock.o
 *fill*         0x00000000000061ea        0x2 ff
 .rodata.CLOCK_GetPll0Freq.str1.4
                0x00000000000061ec       0x1d ./drivers/fsl_clock.o
 *fill*         0x0000000000006209        0x3 ff
 .rodata.CLOCK_EnablePll0.str1.4
                0x000000000000620c       0x19 ./drivers/fsl_clock.o
 *fill*         0x0000000000006225        0x3 ff
 .rodata.CLOCK_SetPbeMode.str1.4
                0x0000000000006228       0x1a ./drivers/fsl_clock.o
 *fill*         0x0000000000006242        0x2 ff
 .rodata.CLOCK_BootToPeeMode.str1.4
                0x0000000000006244       0x1a ./drivers/fsl_clock.o
 *fill*         0x000000000000625e        0x2 ff
 .rodata.fllFactorTable.1
                0x0000000000006260       0x10 ./drivers/fsl_clock.o
 .rodata.LPSCI_GetInstance.str1.4
                0x0000000000006270       0x36 ./drivers/fsl_lpsci.o
 *fill*         0x00000000000062a6        0x2 ff
 .rodata.LPSCI_Init.str1.4
                0x00000000000062a8       0x43 ./drivers/fsl_lpsci.o
 *fill*         0x00000000000062eb        0x1 ff
 .rodata.LPSCI_GetDefaultConfig.str1.4
                0x00000000000062ec       0x19 ./drivers/fsl_lpsci.o
 *fill*         0x0000000000006305        0x3 ff
 .rodata.LPSCI_WriteBlocking.str1.4
                0x0000000000006308       0x17 ./drivers/fsl_lpsci.o
 *fill*         0x000000000000631f        0x1 ff
 .rodata.LPSCI_ReadBlocking.str1.4
                0x0000000000006320       0x17 ./drivers/fsl_lpsci.o
 *fill*         0x0000000000006337        0x1 ff
 .rodata.s_uartBases
                0x0000000000006338        0xc ./drivers/fsl_uart.o
 .rodata.s_uartClock
                0x0000000000006344        0xc ./drivers/fsl_uart.o
 .rodata.UART_GetInstance.str1.4
                0x0000000000006350       0x2b ./drivers/fsl_uart.o
 *fill*         0x000000000000637b        0x1 ff
 .rodata.UART_Init.str1.4
                0x000000000000637c       0x3e ./drivers/fsl_uart.o
 *fill*         0x00000000000063ba        0x2 ff
 .rodata.UART_GetDefaultConfig.str1.4
                0x00000000000063bc       0x18 ./drivers/fsl_uart.o
 .rodata.UART_ReadBlocking.str1.4
                0x00000000000063d4       0x16 ./drivers/fsl_uart.o
 *fill*         0x00000000000063ea        0x2 ff
 .rodata.mcgConfig_BOARD_BootClockRUN
                0x00000000000063ec        0xa ./board/clock_config.o
                0x00000000000063ec                mcgConfig_BOARD_BootClockRUN
 *fill*         0x00000000000063f6        0x2 ff
 .rodata.simConfig_BOARD_BootClockRUN
                0x00000000000063f8        0x8 ./board/clock_config.o
                0x00000000000063f8                simConfig_BOARD_BootClockRUN
 .rodata.oscConfig_BOARD_BootClockRUN
                0x0000000000006400        0x8 ./board/clock_config.o
                0x0000000000006400                oscConfig_BOARD_BootClockRUN
 .rodata.realCoefAQ15
                0x0000000000006408     0x4000 /Users/ip/MCUX/SDK_2_2_0_FRDM-KL25Z/CMSIS/Lib/GCC/libarm_cortexM0l_math.a(arm_rfft_init_q15.o)
 .rodata.realCoefBQ15
                0x000000000000a408     0x4000 /Users/ip/MCUX/SDK_2_2_0_FRDM-KL25Z/CMSIS/Lib/GCC/libarm_cortexM0l_math.a(arm_rfft_init_q15.o)
 .rodata.arm_cfft_sR_q15_len1024
                0x000000000000e408       0x10 /Users/ip/MCUX/SDK_2_2_0_FRDM-KL25Z/CMSIS/Lib/GCC/libarm_cortexM0l_math.a(arm_const_structs.o)
                0x000000000000e408                arm_cfft_sR_q15_len1024
 .rodata.arm_cfft_sR_q15_len16
                0x000000000000e418       0x10 /Users/ip/MCUX/SDK_2_2_0_FRDM-KL25Z/CMSIS/Lib/GCC/libarm_cortexM0l_math.a(arm_const_structs.o)
                0x000000000000e418                arm_cfft_sR_q15_len16
 .rodata.arm_cfft_sR_q15_len32
                0x000000000000e428       0x10 /Users/ip/MCUX/SDK_2_2_0_FRDM-KL25Z/CMSIS/Lib/GCC/libarm_cortexM0l_math.a(arm_const_structs.o)
                0x000000000000e428                arm_cfft_sR_q15_len32
 .rodata.arm_cfft_sR_q15_len4096
                0x000000000000e438       0x10 /Users/ip/MCUX/SDK_2_2_0_FRDM-KL25Z/CMSIS/Lib/GCC/libarm_cortexM0l_math.a(arm_const_structs.o)
                0x000000000000e438                arm_cfft_sR_q15_len4096
 .rodata.arm_cfft_sR_q15_len512
                0x000000000000e448       0x10 /Users/ip/MCUX/SDK_2_2_0_FRDM-KL25Z/CMSIS/Lib/GCC/libarm_cortexM0l_math.a(arm_const_structs.o)
                0x000000000000e448                arm_cfft_sR_q15_len512
 .rodata.arm_cfft_sR_q15_len64
                0x000000000000e458       0x10 /Users/ip/MCUX/SDK_2_2_0_FRDM-KL25Z/CMSIS/Lib/GCC/libarm_cortexM0l_math.a(arm_const_structs.o)
                0x000000000000e458                arm_cfft_sR_q15_len64
 .rodata.arm_cfft_sR_q15_len256
                0x000000000000e468       0x10 /Users/ip/MCUX/SDK_2_2_0_FRDM-KL25Z/CMSIS/Lib/GCC/libarm_cortexM0l_math.a(arm_const_structs.o)
                0x000000000000e468                arm_cfft_sR_q15_len256
 .rodata.arm_cfft_sR_q15_len128
                0x000000000000e478       0x10 /Users/ip/MCUX/SDK_2_2_0_FRDM-KL25Z/CMSIS/Lib/GCC/libarm_cortexM0l_math.a(arm_const_structs.o)
                0x000000000000e478                arm_cfft_sR_q15_len128
 .rodata.arm_cfft_sR_q15_len2048
                0x000000000000e488       0x10 /Users/ip/MCUX/SDK_2_2_0_FRDM-KL25Z/CMSIS/Lib/GCC/libarm_cortexM0l_math.a(arm_const_structs.o)
                0x000000000000e488                arm_cfft_sR_q15_len2048
 .rodata.armBitRevIndexTable_fixed_128
                0x000000000000e498       0xe0 /Users/ip/MCUX/SDK_2_2_0_FRDM-KL25Z/CMSIS/Lib/GCC/libarm_cortexM0l_math.a(arm_common_tables.o)
                0x000000000000e498                armBitRevIndexTable_fixed_128
 .rodata.armBitRevIndexTable_fixed_2048
                0x000000000000e578      0xf80 /Users/ip/MCUX/SDK_2_2_0_FRDM-KL25Z/CMSIS/Lib/GCC/libarm_cortexM0l_math.a(arm_common_tables.o)
                0x000000000000e578                armBitRevIndexTable_fixed_2048
 .rodata.armBitRevIndexTable_fixed_4096
                0x000000000000f4f8     0x1f80 /Users/ip/MCUX/SDK_2_2_0_FRDM-KL25Z/CMSIS/Lib/GCC/libarm_cortexM0l_math.a(arm_common_tables.o)
                0x000000000000f4f8                armBitRevIndexTable_fixed_4096
 .rodata.armBitRevIndexTable_fixed_1024
                0x0000000000011478      0x7c0 /Users/ip/MCUX/SDK_2_2_0_FRDM-KL25Z/CMSIS/Lib/GCC/libarm_cortexM0l_math.a(arm_common_tables.o)
                0x0000000000011478                armBitRevIndexTable_fixed_1024
 .rodata.twiddleCoef_1024_q15
                0x0000000000011c38      0xc00 /Users/ip/MCUX/SDK_2_2_0_FRDM-KL25Z/CMSIS/Lib/GCC/libarm_cortexM0l_math.a(arm_common_tables.o)
                0x0000000000011c38                twiddleCoef_1024_q15
 .rodata.twiddleCoef_32_q15
                0x0000000000012838       0x60 /Users/ip/MCUX/SDK_2_2_0_FRDM-KL25Z/CMSIS/Lib/GCC/libarm_cortexM0l_math.a(arm_common_tables.o)
                0x0000000000012838                twiddleCoef_32_q15
 .rodata.twiddleCoef_4096_q15
                0x0000000000012898     0x3000 /Users/ip/MCUX/SDK_2_2_0_FRDM-KL25Z/CMSIS/Lib/GCC/libarm_cortexM0l_math.a(arm_common_tables.o)
                0x0000000000012898                twiddleCoef_4096_q15
 .rodata.twiddleCoef_16_q15
                0x0000000000015898       0x30 /Users/ip/MCUX/SDK_2_2_0_FRDM-KL25Z/CMSIS/Lib/GCC/libarm_cortexM0l_math.a(arm_common_tables.o)
                0x0000000000015898                twiddleCoef_16_q15
 .rodata.twiddleCoef_64_q15
                0x00000000000158c8       0xc0 /Users/ip/MCUX/SDK_2_2_0_FRDM-KL25Z/CMSIS/Lib/GCC/libarm_cortexM0l_math.a(arm_common_tables.o)
                0x00000000000158c8                twiddleCoef_64_q15
 .rodata.twiddleCoef_2048_q15
                0x0000000000015988     0x1800 /Users/ip/MCUX/SDK_2_2_0_FRDM-KL25Z/CMSIS/Lib/GCC/libarm_cortexM0l_math.a(arm_common_tables.o)
                0x0000000000015988                twiddleCoef_2048_q15
 .rodata.twiddleCoef_256_q15
                0x0000000000017188      0x300 /Users/ip/MCUX/SDK_2_2_0_FRDM-KL25Z/CMSIS/Lib/GCC/libarm_cortexM0l_math.a(arm_common_tables.o)
                0x0000000000017188                twiddleCoef_256_q15
 .rodata.twiddleCoef_512_q15
                0x0000000000017488      0x600 /Users/ip/MCUX/SDK_2_2_0_FRDM-KL25Z/CMSIS/Lib/GCC/libarm_cortexM0l_math.a(arm_common_tables.o)
                0x0000000000017488                twiddleCoef_512_q15
 .rodata.armBitRevIndexTable_fixed_512
                0x0000000000017a88      0x3c0 /Users/ip/MCUX/SDK_2_2_0_FRDM-KL25Z/CMSIS/Lib/GCC/libarm_cortexM0l_math.a(arm_common_tables.o)
                0x0000000000017a88                armBitRevIndexTable_fixed_512
 .rodata.armBitRevIndexTable_fixed_16
                0x0000000000017e48       0x18 /Users/ip/MCUX/SDK_2_2_0_FRDM-KL25Z/CMSIS/Lib/GCC/libarm_cortexM0l_math.a(arm_common_tables.o)
                0x0000000000017e48                armBitRevIndexTable_fixed_16
 .rodata.twiddleCoef_128_q15
                0x0000000000017e60      0x180 /Users/ip/MCUX/SDK_2_2_0_FRDM-KL25Z/CMSIS/Lib/GCC/libarm_cortexM0l_math.a(arm_common_tables.o)
                0x0000000000017e60                twiddleCoef_128_q15
 .rodata.armBitRevIndexTable_fixed_32
                0x0000000000017fe0       0x30 /Users/ip/MCUX/SDK_2_2_0_FRDM-KL25Z/CMSIS/Lib/GCC/libarm_cortexM0l_math.a(arm_common_tables.o)
                0x0000000000017fe0                armBitRevIndexTable_fixed_32
 .rodata.armBitRevIndexTable_fixed_256
                0x0000000000018010      0x1e0 /Users/ip/MCUX/SDK_2_2_0_FRDM-KL25Z/CMSIS/Lib/GCC/libarm_cortexM0l_math.a(arm_common_tables.o)
                0x0000000000018010                armBitRevIndexTable_fixed_256
 .rodata.armBitRevIndexTable_fixed_64
                0x00000000000181f0       0x70 /Users/ip/MCUX/SDK_2_2_0_FRDM-KL25Z/CMSIS/Lib/GCC/libarm_cortexM0l_math.a(arm_common_tables.o)
                0x00000000000181f0                armBitRevIndexTable_fixed_64
 .rodata.__num_Ciob_streams
                0x0000000000018260        0x4 /Applications/MCUXpressoIDE_11.6.0_8187/ide/plugins/com.nxp.mcuxpresso.tools.macosx_11.6.0.202112161359/tools/bin/../lib/gcc/arm-none-eabi/10.3.1/../../../../arm-none-eabi/lib/thumb/v6-m/nofp/libcr_semihost_nf.a(__ciob.o)
                0x0000000000018260                __num_Ciob_streams
 .rodata.__assertion_failed.str1.1
                0x0000000000018264       0x15 /Applications/MCUXpressoIDE_11.6.0_8187/ide/plugins/com.nxp.mcuxpresso.tools.macosx_11.6.0.202112161359/tools/bin/../lib/gcc/arm-none-eabi/10.3.1/../../../../arm-none-eabi/lib/thumb/v6-m/nofp/libcr_semihost_nf.a(_cr_assert.o)
 .rodata._Csys_alloc.str1.1
                0x0000000000018279       0x18 /Applications/MCUXpressoIDE_11.6.0_8187/ide/plugins/com.nxp.mcuxpresso.tools.macosx_11.6.0.202112161359/tools/bin/../lib/gcc/arm-none-eabi/10.3.1/../../../../arm-none-eabi/lib/thumb/v6-m/nofp/libcr_c.a(alloc.o)
 .rodata._initio.str1.1
                0x0000000000018291        0x4 /Applications/MCUXpressoIDE_11.6.0_8187/ide/plugins/com.nxp.mcuxpresso.tools.macosx_11.6.0.202112161359/tools/bin/../lib/gcc/arm-none-eabi/10.3.1/../../../../arm-none-eabi/lib/thumb/v6-m/nofp/libcr_c.a(initio.o)
 .rodata.__vfprintf.str1.1
                0x0000000000018295       0x35 /Applications/MCUXpressoIDE_11.6.0_8187/ide/plugins/com.nxp.mcuxpresso.tools.macosx_11.6.0.202112161359/tools/bin/../lib/gcc/arm-none-eabi/10.3.1/../../../../arm-none-eabi/lib/thumb/v6-m/nofp/libcr_c.a(printf.o)
                                         0x38 (size before relaxing)
                0x00000000000182cc                . = ALIGN (0x4)
 *fill*         0x00000000000182ca        0x2 ff
                0x00000000000182cc                _etext = .

.glue_7         0x00000000000182cc        0x0
 .glue_7        0x00000000000182cc        0x0 linker stubs

.glue_7t        0x00000000000182cc        0x0
 .glue_7t       0x00000000000182cc        0x0 linker stubs

.vfp11_veneer   0x00000000000182cc        0x0
 .vfp11_veneer  0x00000000000182cc        0x0 linker stubs

.v4_bx          0x00000000000182cc        0x0
 .v4_bx         0x00000000000182cc        0x0 linker stubs

.iplt           0x00000000000182cc        0x0
 .iplt          0x00000000000182cc        0x0 ./utilities/fsl_debug_console.o

.rel.dyn        0x00000000000182cc        0x0
 .rel.iplt      0x00000000000182cc        0x0 ./utilities/fsl_debug_console.o

.m_usb_data
 *(SORT_BY_ALIGNMENT(m_usb_bdt))

.mtb_buffer_default
                0x000000001ffff000       0x80
 *(SORT_BY_ALIGNMENT(.mtb*))
 .mtb.$RAM1     0x000000001ffff000       0x80 ./source/mtb.o
                0x000000001ffff000                __mtb_buffer__

.uninit_RESERVED
                0x000000001ffff080        0x0
                0x000000001ffff080                _start_uninit_RESERVED = .
 *(SORT_BY_ALIGNMENT(.bss.$RESERVED*))
                0x000000001ffff080                . = ALIGN (0x4)
                0x000000001ffff080                _end_uninit_RESERVED = .

.data           0x000000001ffff080        0x8 load address 0x00000000000182cc
 FILL mask 0xff
                0x000000001ffff080                _data = .
                [!provide]                        PROVIDE (__start_data_RAM = .)
                [!provide]                        PROVIDE (__start_data_SRAM = .)
 *(SORT_BY_ALIGNMENT(vtable))
 *(SORT_BY_ALIGNMENT(.ramfunc*))
 *(SORT_BY_ALIGNMENT(CodeQuickAccess))
 *(SORT_BY_ALIGNMENT(DataQuickAccess))
 *(SORT_BY_ALIGNMENT(RamFunction))
 *(SORT_BY_ALIGNMENT(.data*))
 .data.s_slowIrcFreq
                0x000000001ffff080        0x4 ./drivers/fsl_clock.o
 .data.SystemCoreClock
                0x000000001ffff084        0x4 ./CMSIS/system_MKL25Z4.o
                0x000000001ffff084                SystemCoreClock
                0x000000001ffff088                . = ALIGN (0x4)
                0x000000001ffff088                _edata = .
                [!provide]                        PROVIDE (__end_data_RAM = .)
                [!provide]                        PROVIDE (__end_data_SRAM = .)

.igot.plt       0x000000001ffff088        0x0 load address 0x00000000000182d4
 .igot.plt      0x000000001ffff088        0x0 ./utilities/fsl_debug_console.o

.bss            0x000000001ffff088      0xd34
                0x000000001ffff088                _bss = .
                [!provide]                        PROVIDE (__start_bss_RAM = .)
                [!provide]                        PROVIDE (__start_bss_SRAM = .)
 *(SORT_BY_ALIGNMENT(.bss*))
 .bss.s_debugConsole
                0x000000001ffff088       0x10 ./utilities/fsl_debug_console.o
 .bss.adc_ping  0x000000001ffff098      0x400 ./source/analog_peripherals.o
 .bss.adc_pong  0x000000001ffff498      0x400 ./source/analog_peripherals.o
 .bss.FFT_mag   0x000000001ffff898      0x400 ./source/dsp_fft.o
 .bss.raw_counts
                0x000000001ffffc98       0x20 ./source/touch_sensor.o
 .bss.base_counts
                0x000000001ffffcb8       0x20 ./source/touch_sensor.o
 .bss.enable_mask
                0x000000001ffffcd8        0x4 ./source/touch_sensor.o
 .bss.g_xtal0Freq
                0x000000001ffffcdc        0x4 ./drivers/fsl_clock.o
                0x000000001ffffcdc                g_xtal0Freq
 .bss.s_lpsciHandle
                0x000000001ffffce0        0x4 ./drivers/fsl_lpsci.o
 .bss.s_lpsciIsr
                0x000000001ffffce4        0x4 ./drivers/fsl_lpsci.o
 .bss.s_uartHandle
                0x000000001ffffce8        0xc ./drivers/fsl_uart.o
 .bss.s_uartIsr
                0x000000001ffffcf4        0x4 ./drivers/fsl_uart.o
 .bss.__Ciob    0x000000001ffffcf8       0xb4 /Applications/MCUXpressoIDE_11.6.0_8187/ide/plugins/com.nxp.mcuxpresso.tools.macosx_11.6.0.202112161359/tools/bin/../lib/gcc/arm-none-eabi/10.3.1/../../../../arm-none-eabi/lib/thumb/v6-m/nofp/libcr_semihost_nf.a(__ciob.o)
                0x000000001ffffcf8                __Ciob
 .bss.__end_of_heap
                0x000000001ffffdac        0x4 /Applications/MCUXpressoIDE_11.6.0_8187/ide/plugins/com.nxp.mcuxpresso.tools.macosx_11.6.0.202112161359/tools/bin/../lib/gcc/arm-none-eabi/10.3.1/../../../../arm-none-eabi/lib/thumb/v6-m/nofp/libcr_c.a(__init_alloc.o)
                0x000000001ffffdac                __end_of_heap
 .bss.__heaps   0x000000001ffffdb0        0x4 /Applications/MCUXpressoIDE_11.6.0_8187/ide/plugins/com.nxp.mcuxpresso.tools.macosx_11.6.0.202112161359/tools/bin/../lib/gcc/arm-none-eabi/10.3.1/../../../../arm-none-eabi/lib/thumb/v6-m/nofp/libcr_c.a(__init_alloc.o)
                0x000000001ffffdb0                __heaps
 .bss.errno     0x000000001ffffdb4        0x4 /Applications/MCUXpressoIDE_11.6.0_8187/ide/plugins/com.nxp.mcuxpresso.tools.macosx_11.6.0.202112161359/tools/bin/../lib/gcc/arm-none-eabi/10.3.1/../../../../arm-none-eabi/lib/thumb/v6-m/nofp/libcr_c.a(errno.o)
                0x000000001ffffdb4                errno
 .bss.adc_ping_active
                0x000000001ffffdb8        0x1 ./source/analog_peripherals.o
 .bss.adc_pong_full
                0x000000001ffffdb9        0x1 ./source/analog_peripherals.o
 *(SORT_BY_ALIGNMENT(COMMON))
                0x000000001ffffdbc                . = ALIGN (0x4)
 *fill*         0x000000001ffffdba        0x2 
                0x000000001ffffdbc                _ebss = .
                [!provide]                        PROVIDE (__end_bss_RAM = .)
                [!provide]                        PROVIDE (__end_bss_SRAM = .)
                [!provide]                        PROVIDE (end = .)

.noinit         0x000000001ffffdbc        0x0
                0x000000001ffffdbc                _noinit = .
                [!provide]                        PROVIDE (__start_noinit_RAM = .)
                [!provide]                        PROVIDE (__start_noinit_SRAM = .)
 *(SORT_BY_ALIGNMENT(.noinit*))
                0x000000001ffffdbc                . = ALIGN (0x4)
                0x000000001ffffdbc                _end_noinit = .
                [!provide]                        PROVIDE (__end_noinit_RAM = .)
                [!provide]                        PROVIDE (__end_noinit_SRAM = .)

.ARM.extab
 *(SORT_BY_ALIGNMENT(.ARM.extab*) SORT_BY_ALIGNMENT(.gnu.linkonce.armextab.*))

.ARM.exidx      0x00000000000182d4        0x0
                0x00000000000182d4                __exidx_start = .
 *(SORT_BY_ALIGNMENT(.ARM.exidx*) SORT_BY_ALIGNMENT(.gnu.linkonce.armexidx.*))
                0x00000000000182d4                __exidx_end = .
                0x0000000000000400                _HeapSize = 0x400

.heap           0x000000001ffffdbc      0x400
                0x000000001ffffdbc                _pvHeapStart = .
                0x00000000200001bc                . = (. + _HeapSize)
 *fill*         0x000000001ffffdbc      0x400 
                0x00000000200001bc                . = ALIGN (0x4)
                0x00000000200001bc                _pvHeapLimit = .
                0x0000000000000400                _StackSize = 0x400

.heap2stackfill
                0x00000000200001bc      0x400
                0x00000000200005bc                . = (. + _StackSize)
 *fill*         0x00000000200001bc      0x400 

.stack          0x0000000020002c00        0x0
                0x0000000020002c00                _vStackBase = .
                0x0000000020002c00                . = ALIGN (0x4)
                0x0000000020003000                _vStackTop = (. + _StackSize)
                0x0000000000000000                _image_start = LOADADDR (.text)
                0x00000000000182d4                _image_end = (LOADADDR (.data) + SIZEOF (.data))
                0x00000000000182d4                _image_size = (_image_end - _image_start)
OUTPUT(ECEN5813_FinalProject.axf elf32-littlearm)
LOAD linker stubs

.debug_info     0x0000000000000000     0xb01d
 .debug_info    0x0000000000000000      0x84f ./utilities/fsl_debug_console.o
 .debug_info    0x000000000000084f      0x4eb ./startup/startup_mkl25z4.o
 .debug_info    0x0000000000000d3a      0xb2c ./source/analog_peripherals.o
 .debug_info    0x0000000000001866      0x331 ./source/dsp_fft.o
 .debug_info    0x0000000000001b97      0x38f ./source/leds.o
 .debug_info    0x0000000000001f26      0x19c ./source/main.o
 .debug_info    0x00000000000020c2       0x53 ./source/mtb.o
 .debug_info    0x0000000000002115       0x3c ./source/semihost_hardfault.o
 .debug_info    0x0000000000002151      0x130 ./source/test_dsp_fft.o
 .debug_info    0x0000000000002281      0x598 ./source/touch_sensor.o
 .debug_info    0x0000000000002819      0x385 ./source/tpm_sync.o
 .debug_info    0x0000000000002b9e     0x1a5a ./drivers/fsl_clock.o
 .debug_info    0x00000000000045f8     0x140d ./drivers/fsl_lpsci.o
 .debug_info    0x0000000000005a05     0x13ae ./drivers/fsl_uart.o
 .debug_info    0x0000000000006db3      0x39b ./board/board.o
 .debug_info    0x000000000000714e      0xabc ./board/clock_config.o
 .debug_info    0x0000000000007c0a       0x3c ./board/peripherals.o
 .debug_info    0x0000000000007c46      0x547 ./board/pin_mux.o
 .debug_info    0x000000000000818d      0x401 ./CMSIS/system_MKL25Z4.o
 .debug_info    0x000000000000858e      0x5bc /Users/ip/MCUX/SDK_2_2_0_FRDM-KL25Z/CMSIS/Lib/GCC/libarm_cortexM0l_math.a(arm_rfft_q15.o)
 .debug_info    0x0000000000008b4a      0x354 /Users/ip/MCUX/SDK_2_2_0_FRDM-KL25Z/CMSIS/Lib/GCC/libarm_cortexM0l_math.a(arm_rfft_init_q15.o)
 .debug_info    0x0000000000008e9e      0x195 /Users/ip/MCUX/SDK_2_2_0_FRDM-KL25Z/CMSIS/Lib/GCC/libarm_cortexM0l_math.a(arm_cmplx_mag_squared_q15.o)
 .debug_info    0x0000000000009033      0x9f5 /Users/ip/MCUX/SDK_2_2_0_FRDM-KL25Z/CMSIS/Lib/GCC/libarm_cortexM0l_math.a(arm_const_structs.o)
 .debug_info    0x0000000000009a28      0x99d /Users/ip/MCUX/SDK_2_2_0_FRDM-KL25Z/CMSIS/Lib/GCC/libarm_cortexM0l_math.a(arm_common_tables.o)
 .debug_info    0x000000000000a3c5      0x5d0 /Users/ip/MCUX/SDK_2_2_0_FRDM-KL25Z/CMSIS/Lib/GCC/libarm_cortexM0l_math.a(arm_cfft_q15.o)
 .debug_info    0x000000000000a995       0x85 /Users/ip/MCUX/SDK_2_2_0_FRDM-KL25Z/CMSIS/Lib/GCC/libarm_cortexM0l_math.a(arm_bitreversal2.o)
 .debug_info    0x000000000000aa1a      0x603 /Users/ip/MCUX/SDK_2_2_0_FRDM-KL25Z/CMSIS/Lib/GCC/libarm_cortexM0l_math.a(arm_cfft_radix4_q15.o)

.debug_abbrev   0x0000000000000000     0x22d3
 .debug_abbrev  0x0000000000000000      0x1d7 ./utilities/fsl_debug_console.o
 .debug_abbrev  0x00000000000001d7      0x198 ./startup/startup_mkl25z4.o
 .debug_abbrev  0x000000000000036f      0x298 ./source/analog_peripherals.o
 .debug_abbrev  0x0000000000000607      0x128 ./source/dsp_fft.o
 .debug_abbrev  0x000000000000072f       0xdd ./source/leds.o
 .debug_abbrev  0x000000000000080c       0xc9 ./source/main.o
 .debug_abbrev  0x00000000000008d5       0x46 ./source/mtb.o
 .debug_abbrev  0x000000000000091b       0x31 ./source/semihost_hardfault.o
 .debug_abbrev  0x000000000000094c       0xa9 ./source/test_dsp_fft.o
 .debug_abbrev  0x00000000000009f5      0x1a0 ./source/touch_sensor.o
 .debug_abbrev  0x0000000000000b95       0xdd ./source/tpm_sync.o
 .debug_abbrev  0x0000000000000c72      0x357 ./drivers/fsl_clock.o
 .debug_abbrev  0x0000000000000fc9      0x2d7 ./drivers/fsl_lpsci.o
 .debug_abbrev  0x00000000000012a0      0x2f1 ./drivers/fsl_uart.o
 .debug_abbrev  0x0000000000001591      0x11b ./board/board.o
 .debug_abbrev  0x00000000000016ac      0x201 ./board/clock_config.o
 .debug_abbrev  0x00000000000018ad       0x31 ./board/peripherals.o
 .debug_abbrev  0x00000000000018de      0x189 ./board/pin_mux.o
 .debug_abbrev  0x0000000000001a67      0x12e ./CMSIS/system_MKL25Z4.o
 .debug_abbrev  0x0000000000001b95      0x192 /Users/ip/MCUX/SDK_2_2_0_FRDM-KL25Z/CMSIS/Lib/GCC/libarm_cortexM0l_math.a(arm_rfft_q15.o)
 .debug_abbrev  0x0000000000001d27      0x121 /Users/ip/MCUX/SDK_2_2_0_FRDM-KL25Z/CMSIS/Lib/GCC/libarm_cortexM0l_math.a(arm_rfft_init_q15.o)
 .debug_abbrev  0x0000000000001e48       0x85 /Users/ip/MCUX/SDK_2_2_0_FRDM-KL25Z/CMSIS/Lib/GCC/libarm_cortexM0l_math.a(arm_cmplx_mag_squared_q15.o)
 .debug_abbrev  0x0000000000001ecd       0xa9 /Users/ip/MCUX/SDK_2_2_0_FRDM-KL25Z/CMSIS/Lib/GCC/libarm_cortexM0l_math.a(arm_const_structs.o)
 .debug_abbrev  0x0000000000001f76       0x84 /Users/ip/MCUX/SDK_2_2_0_FRDM-KL25Z/CMSIS/Lib/GCC/libarm_cortexM0l_math.a(arm_common_tables.o)
 .debug_abbrev  0x0000000000001ffa      0x15e /Users/ip/MCUX/SDK_2_2_0_FRDM-KL25Z/CMSIS/Lib/GCC/libarm_cortexM0l_math.a(arm_cfft_q15.o)
 .debug_abbrev  0x0000000000002158       0x14 /Users/ip/MCUX/SDK_2_2_0_FRDM-KL25Z/CMSIS/Lib/GCC/libarm_cortexM0l_math.a(arm_bitreversal2.o)
 .debug_abbrev  0x000000000000216c      0x167 /Users/ip/MCUX/SDK_2_2_0_FRDM-KL25Z/CMSIS/Lib/GCC/libarm_cortexM0l_math.a(arm_cfft_radix4_q15.o)

.debug_aranges  0x0000000000000000      0x988
 .debug_aranges
                0x0000000000000000       0x48 ./utilities/fsl_debug_console.o
 .debug_aranges
                0x0000000000000048      0x160 ./startup/startup_mkl25z4.o
 .debug_aranges
                0x00000000000001a8       0x68 ./source/analog_peripherals.o
 .debug_aranges
                0x0000000000000210       0x30 ./source/dsp_fft.o
 .debug_aranges
                0x0000000000000240       0x20 ./source/leds.o
 .debug_aranges
                0x0000000000000260       0x28 ./source/main.o
 .debug_aranges
                0x0000000000000288       0x18 ./source/mtb.o
 .debug_aranges
                0x00000000000002a0       0x20 ./source/semihost_hardfault.o
 .debug_aranges
                0x00000000000002c0       0x20 ./source/test_dsp_fft.o
 .debug_aranges
                0x00000000000002e0       0x48 ./source/touch_sensor.o
 .debug_aranges
                0x0000000000000328       0x20 ./source/tpm_sync.o
 .debug_aranges
                0x0000000000000348      0x1d8 ./drivers/fsl_clock.o
 .debug_aranges
                0x0000000000000520      0x118 ./drivers/fsl_lpsci.o
 .debug_aranges
                0x0000000000000638      0x130 ./drivers/fsl_uart.o
 .debug_aranges
                0x0000000000000768       0x28 ./board/board.o
 .debug_aranges
                0x0000000000000790       0x58 ./board/clock_config.o
 .debug_aranges
                0x00000000000007e8       0x20 ./board/peripherals.o
 .debug_aranges
                0x0000000000000808       0x38 ./board/pin_mux.o
 .debug_aranges
                0x0000000000000840       0x28 ./CMSIS/system_MKL25Z4.o
 .debug_aranges
                0x0000000000000868       0x30 /Users/ip/MCUX/SDK_2_2_0_FRDM-KL25Z/CMSIS/Lib/GCC/libarm_cortexM0l_math.a(arm_rfft_q15.o)
 .debug_aranges
                0x0000000000000898       0x20 /Users/ip/MCUX/SDK_2_2_0_FRDM-KL25Z/CMSIS/Lib/GCC/libarm_cortexM0l_math.a(arm_rfft_init_q15.o)
 .debug_aranges
                0x00000000000008b8       0x20 /Users/ip/MCUX/SDK_2_2_0_FRDM-KL25Z/CMSIS/Lib/GCC/libarm_cortexM0l_math.a(arm_cmplx_mag_squared_q15.o)
 .debug_aranges
                0x00000000000008d8       0x18 /Users/ip/MCUX/SDK_2_2_0_FRDM-KL25Z/CMSIS/Lib/GCC/libarm_cortexM0l_math.a(arm_const_structs.o)
 .debug_aranges
                0x00000000000008f0       0x18 /Users/ip/MCUX/SDK_2_2_0_FRDM-KL25Z/CMSIS/Lib/GCC/libarm_cortexM0l_math.a(arm_common_tables.o)
 .debug_aranges
                0x0000000000000908       0x30 /Users/ip/MCUX/SDK_2_2_0_FRDM-KL25Z/CMSIS/Lib/GCC/libarm_cortexM0l_math.a(arm_cfft_q15.o)
 .debug_aranges
                0x0000000000000938       0x20 /Users/ip/MCUX/SDK_2_2_0_FRDM-KL25Z/CMSIS/Lib/GCC/libarm_cortexM0l_math.a(arm_bitreversal2.o)
 .debug_aranges
                0x0000000000000958       0x30 /Users/ip/MCUX/SDK_2_2_0_FRDM-KL25Z/CMSIS/Lib/GCC/libarm_cortexM0l_math.a(arm_cfft_radix4_q15.o)

.debug_ranges   0x0000000000000000      0x7c8
 .debug_ranges  0x0000000000000000       0x38 ./utilities/fsl_debug_console.o
 .debug_ranges  0x0000000000000038      0x150 ./startup/startup_mkl25z4.o
 .debug_ranges  0x0000000000000188       0x58 ./source/analog_peripherals.o
 .debug_ranges  0x00000000000001e0       0x20 ./source/dsp_fft.o
 .debug_ranges  0x0000000000000200       0x10 ./source/leds.o
 .debug_ranges  0x0000000000000210       0x18 ./source/main.o
 .debug_ranges  0x0000000000000228       0x10 ./source/semihost_hardfault.o
 .debug_ranges  0x0000000000000238       0x10 ./source/test_dsp_fft.o
 .debug_ranges  0x0000000000000248       0x38 ./source/touch_sensor.o
 .debug_ranges  0x0000000000000280       0x10 ./source/tpm_sync.o
 .debug_ranges  0x0000000000000290      0x1c8 ./drivers/fsl_clock.o
 .debug_ranges  0x0000000000000458      0x108 ./drivers/fsl_lpsci.o
 .debug_ranges  0x0000000000000560      0x120 ./drivers/fsl_uart.o
 .debug_ranges  0x0000000000000680       0x18 ./board/board.o
 .debug_ranges  0x0000000000000698       0x48 ./board/clock_config.o
 .debug_ranges  0x00000000000006e0       0x10 ./board/peripherals.o
 .debug_ranges  0x00000000000006f0       0x28 ./board/pin_mux.o
 .debug_ranges  0x0000000000000718       0x18 ./CMSIS/system_MKL25Z4.o
 .debug_ranges  0x0000000000000730       0x38 /Users/ip/MCUX/SDK_2_2_0_FRDM-KL25Z/CMSIS/Lib/GCC/libarm_cortexM0l_math.a(arm_rfft_q15.o)
 .debug_ranges  0x0000000000000768       0x10 /Users/ip/MCUX/SDK_2_2_0_FRDM-KL25Z/CMSIS/Lib/GCC/libarm_cortexM0l_math.a(arm_rfft_init_q15.o)
 .debug_ranges  0x0000000000000778       0x10 /Users/ip/MCUX/SDK_2_2_0_FRDM-KL25Z/CMSIS/Lib/GCC/libarm_cortexM0l_math.a(arm_cmplx_mag_squared_q15.o)
 .debug_ranges  0x0000000000000788       0x20 /Users/ip/MCUX/SDK_2_2_0_FRDM-KL25Z/CMSIS/Lib/GCC/libarm_cortexM0l_math.a(arm_cfft_q15.o)
 .debug_ranges  0x00000000000007a8       0x20 /Users/ip/MCUX/SDK_2_2_0_FRDM-KL25Z/CMSIS/Lib/GCC/libarm_cortexM0l_math.a(arm_cfft_radix4_q15.o)

.debug_macro    0x0000000000000000     0x92b3
 .debug_macro   0x0000000000000000      0x13a ./utilities/fsl_debug_console.o
 .debug_macro   0x000000000000013a      0xa8a ./utilities/fsl_debug_console.o
 .debug_macro   0x0000000000000bc4       0x10 ./utilities/fsl_debug_console.o
 .debug_macro   0x0000000000000bd4       0x16 ./utilities/fsl_debug_console.o
 .debug_macro   0x0000000000000bea       0x10 ./utilities/fsl_debug_console.o
 .debug_macro   0x0000000000000bfa      0x12e ./utilities/fsl_debug_console.o
 .debug_macro   0x0000000000000d28       0x28 ./utilities/fsl_debug_console.o
 .debug_macro   0x0000000000000d50       0xc4 ./utilities/fsl_debug_console.o
 .debug_macro   0x0000000000000e14       0x16 ./utilities/fsl_debug_console.o
 .debug_macro   0x0000000000000e2a       0x22 ./utilities/fsl_debug_console.o
 .debug_macro   0x0000000000000e4c      0x5b3 ./utilities/fsl_debug_console.o
 .debug_macro   0x00000000000013ff       0x10 ./utilities/fsl_debug_console.o
 .debug_macro   0x000000000000140f       0x3f ./utilities/fsl_debug_console.o
 .debug_macro   0x000000000000144e       0x3a ./utilities/fsl_debug_console.o
 .debug_macro   0x0000000000001488       0x26 ./utilities/fsl_debug_console.o
 .debug_macro   0x00000000000014ae      0x329 ./utilities/fsl_debug_console.o
 .debug_macro   0x00000000000017d7       0x30 ./utilities/fsl_debug_console.o
 .debug_macro   0x0000000000001807     0x51e2 ./utilities/fsl_debug_console.o
 .debug_macro   0x00000000000069e9     0x1352 ./utilities/fsl_debug_console.o
 .debug_macro   0x0000000000007d3b       0x3a ./utilities/fsl_debug_console.o
 .debug_macro   0x0000000000007d75       0xf4 ./utilities/fsl_debug_console.o
 .debug_macro   0x0000000000007e69       0x35 ./utilities/fsl_debug_console.o
 .debug_macro   0x0000000000007e9e       0xd2 ./utilities/fsl_debug_console.o
 .debug_macro   0x0000000000007f70       0x2e ./utilities/fsl_debug_console.o
 .debug_macro   0x0000000000007f9e       0x10 ./utilities/fsl_debug_console.o
 .debug_macro   0x0000000000007fae       0x10 ./utilities/fsl_debug_console.o
 .debug_macro   0x0000000000007fbe       0x29 ./startup/startup_mkl25z4.o
 .debug_macro   0x0000000000007fe7       0xe1 ./source/analog_peripherals.o
 .debug_macro   0x00000000000080c8       0xd8 ./source/analog_peripherals.o
 .debug_macro   0x00000000000081a0       0x10 ./source/analog_peripherals.o
 .debug_macro   0x00000000000081b0      0x117 ./source/dsp_fft.o
 .debug_macro   0x00000000000082c7       0x12 ./source/dsp_fft.o
 .debug_macro   0x00000000000082d9       0x12 ./source/dsp_fft.o
 .debug_macro   0x00000000000082eb       0xe4 ./source/dsp_fft.o
 .debug_macro   0x00000000000083cf       0x7c ./source/dsp_fft.o
 .debug_macro   0x000000000000844b       0x91 ./source/leds.o
 .debug_macro   0x00000000000084dc       0x28 ./source/leds.o
 .debug_macro   0x0000000000008504       0x34 ./source/leds.o
 .debug_macro   0x0000000000008538      0x17b ./source/main.o
 .debug_macro   0x00000000000086b3       0x1c ./source/main.o
 .debug_macro   0x00000000000086cf       0x16 ./source/main.o
 .debug_macro   0x00000000000086e5       0x10 ./source/main.o
 .debug_macro   0x00000000000086f5      0x112 ./source/main.o
 .debug_macro   0x0000000000008807       0x34 ./source/main.o
 .debug_macro   0x000000000000883b       0x2f ./source/mtb.o
 .debug_macro   0x000000000000886a       0x82 ./source/mtb.o
 .debug_macro   0x00000000000088ec       0x10 ./source/mtb.o
 .debug_macro   0x00000000000088fc       0x11 ./source/semihost_hardfault.o
 .debug_macro   0x000000000000890d       0x90 ./source/test_dsp_fft.o
 .debug_macro   0x000000000000899d       0xb1 ./source/touch_sensor.o
 .debug_macro   0x0000000000008a4e       0xc1 ./source/tpm_sync.o
 .debug_macro   0x0000000000008b0f      0x196 ./drivers/fsl_clock.o
 .debug_macro   0x0000000000008ca5       0x1c ./drivers/fsl_clock.o
 .debug_macro   0x0000000000008cc1       0xec ./drivers/fsl_lpsci.o
 .debug_macro   0x0000000000008dad       0xf2 ./drivers/fsl_uart.o
 .debug_macro   0x0000000000008e9f      0x12b ./board/board.o
 .debug_macro   0x0000000000008fca      0x123 ./board/clock_config.o
 .debug_macro   0x00000000000090ed       0x1b ./board/peripherals.o
 .debug_macro   0x0000000000009108      0x107 ./board/pin_mux.o
 .debug_macro   0x000000000000920f       0x10 ./board/pin_mux.o
 .debug_macro   0x000000000000921f       0x94 ./CMSIS/system_MKL25Z4.o

.debug_line     0x0000000000000000     0x6f16
 .debug_line    0x0000000000000000      0x45e ./utilities/fsl_debug_console.o
 .debug_line    0x000000000000045e      0x1ed ./startup/startup_mkl25z4.o
 .debug_line    0x000000000000064b      0x533 ./source/analog_peripherals.o
 .debug_line    0x0000000000000b7e      0x3b0 ./source/dsp_fft.o
 .debug_line    0x0000000000000f2e      0x269 ./source/leds.o
 .debug_line    0x0000000000001197      0x486 ./source/main.o
 .debug_line    0x000000000000161d       0xd9 ./source/mtb.o
 .debug_line    0x00000000000016f6       0x59 ./source/semihost_hardfault.o
 .debug_line    0x000000000000174f      0x28b ./source/test_dsp_fft.o
 .debug_line    0x00000000000019da      0x35b ./source/touch_sensor.o
 .debug_line    0x0000000000001d35      0x28b ./source/tpm_sync.o
 .debug_line    0x0000000000001fc0     0x12eb ./drivers/fsl_clock.o
 .debug_line    0x00000000000032ab      0xd64 ./drivers/fsl_lpsci.o
 .debug_line    0x000000000000400f      0xd53 ./drivers/fsl_uart.o
 .debug_line    0x0000000000004d62      0x364 ./board/board.o
 .debug_line    0x00000000000050c6      0x3c7 ./board/clock_config.o
 .debug_line    0x000000000000548d       0x5c ./board/peripherals.o
 .debug_line    0x00000000000054e9      0x34e ./board/pin_mux.o
 .debug_line    0x0000000000005837      0x343 ./CMSIS/system_MKL25Z4.o
 .debug_line    0x0000000000005b7a      0x27e /Users/ip/MCUX/SDK_2_2_0_FRDM-KL25Z/CMSIS/Lib/GCC/libarm_cortexM0l_math.a(arm_rfft_q15.o)
 .debug_line    0x0000000000005df8      0x1cf /Users/ip/MCUX/SDK_2_2_0_FRDM-KL25Z/CMSIS/Lib/GCC/libarm_cortexM0l_math.a(arm_rfft_init_q15.o)
 .debug_line    0x0000000000005fc7      0x163 /Users/ip/MCUX/SDK_2_2_0_FRDM-KL25Z/CMSIS/Lib/GCC/libarm_cortexM0l_math.a(arm_cmplx_mag_squared_q15.o)
 .debug_line    0x000000000000612a      0x145 /Users/ip/MCUX/SDK_2_2_0_FRDM-KL25Z/CMSIS/Lib/GCC/libarm_cortexM0l_math.a(arm_const_structs.o)
 .debug_line    0x000000000000626f      0x12e /Users/ip/MCUX/SDK_2_2_0_FRDM-KL25Z/CMSIS/Lib/GCC/libarm_cortexM0l_math.a(arm_common_tables.o)
 .debug_line    0x000000000000639d      0x31f /Users/ip/MCUX/SDK_2_2_0_FRDM-KL25Z/CMSIS/Lib/GCC/libarm_cortexM0l_math.a(arm_cfft_q15.o)
 .debug_line    0x00000000000066bc       0x80 /Users/ip/MCUX/SDK_2_2_0_FRDM-KL25Z/CMSIS/Lib/GCC/libarm_cortexM0l_math.a(arm_bitreversal2.o)
 .debug_line    0x000000000000673c      0x7da /Users/ip/MCUX/SDK_2_2_0_FRDM-KL25Z/CMSIS/Lib/GCC/libarm_cortexM0l_math.a(arm_cfft_radix4_q15.o)

.debug_str      0x0000000000000000    0x37a26
 .debug_str     0x0000000000000000    0x313c7 ./utilities/fsl_debug_console.o
                                      0x31620 (size before relaxing)
 .debug_str     0x00000000000313c7      0x3cd ./startup/startup_mkl25z4.o
                                       0x30c7 (size before relaxing)
 .debug_str     0x0000000000031794      0x62f ./source/analog_peripherals.o
                                      0x295c7 (size before relaxing)
 .debug_str     0x0000000000031dc3      0xcb6 ./source/dsp_fft.o
                                       0x5b17 (size before relaxing)
 .debug_str     0x0000000000032a79      0x1a9 ./source/leds.o
                                      0x28e78 (size before relaxing)
 .debug_str     0x0000000000032c22      0xaba ./source/main.o
                                      0x31371 (size before relaxing)
 .debug_str     0x00000000000336dc      0x532 ./source/mtb.o
                                       0x31e7 (size before relaxing)
 .debug_str     0x0000000000033c0e       0x1f ./source/semihost_hardfault.o
                                       0x2cd4 (size before relaxing)
 .debug_str     0x0000000000033c2d       0xbe ./source/test_dsp_fft.o
                                       0x47c9 (size before relaxing)
 .debug_str     0x0000000000033ceb       0xd7 ./source/touch_sensor.o
                                      0x29109 (size before relaxing)
 .debug_str     0x0000000000033dc2       0x44 ./source/tpm_sync.o
                                      0x290eb (size before relaxing)
 .debug_str     0x0000000000033e06     0x1789 ./drivers/fsl_clock.o
                                      0x3219c (size before relaxing)
 .debug_str     0x000000000003558f      0x96b ./drivers/fsl_lpsci.o
                                      0x3178b (size before relaxing)
 .debug_str     0x0000000000035efa      0x832 ./drivers/fsl_uart.o
                                      0x317ae (size before relaxing)
 .debug_str     0x000000000003672c       0x4c ./board/board.o
                                      0x311fe (size before relaxing)
 .debug_str     0x0000000000036778      0x3c1 ./board/clock_config.o
                                      0x310cd (size before relaxing)
 .debug_str     0x0000000000036b39       0x31 ./board/peripherals.o
                                       0x2ce5 (size before relaxing)
 .debug_str     0x0000000000036b6a      0x1e1 ./board/pin_mux.o
                                      0x30814 (size before relaxing)
 .debug_str     0x0000000000036d4b       0x4f ./CMSIS/system_MKL25Z4.o
                                      0x2fb16 (size before relaxing)
 .debug_str     0x0000000000036d9a      0x1df /Users/ip/MCUX/SDK_2_2_0_FRDM-KL25Z/CMSIS/Lib/GCC/libarm_cortexM0l_math.a(arm_rfft_q15.o)
                                        0x35a (size before relaxing)
 .debug_str     0x0000000000036f79      0x1cd /Users/ip/MCUX/SDK_2_2_0_FRDM-KL25Z/CMSIS/Lib/GCC/libarm_cortexM0l_math.a(arm_rfft_init_q15.o)
                                        0x45c (size before relaxing)
 .debug_str     0x0000000000037146       0x7d /Users/ip/MCUX/SDK_2_2_0_FRDM-KL25Z/CMSIS/Lib/GCC/libarm_cortexM0l_math.a(arm_cmplx_mag_squared_q15.o)
                                        0x25a (size before relaxing)
 .debug_str     0x00000000000371c3      0x5bc /Users/ip/MCUX/SDK_2_2_0_FRDM-KL25Z/CMSIS/Lib/GCC/libarm_cortexM0l_math.a(arm_const_structs.o)
                                        0x8a7 (size before relaxing)
 .debug_str     0x000000000003777f      0x125 /Users/ip/MCUX/SDK_2_2_0_FRDM-KL25Z/CMSIS/Lib/GCC/libarm_cortexM0l_math.a(arm_common_tables.o)
                                        0x6cf (size before relaxing)
 .debug_str     0x00000000000378a4       0xc5 /Users/ip/MCUX/SDK_2_2_0_FRDM-KL25Z/CMSIS/Lib/GCC/libarm_cortexM0l_math.a(arm_cfft_q15.o)
                                        0x317 (size before relaxing)
 .debug_str     0x0000000000037969       0xbd /Users/ip/MCUX/SDK_2_2_0_FRDM-KL25Z/CMSIS/Lib/GCC/libarm_cortexM0l_math.a(arm_cfft_radix4_q15.o)
                                        0x322 (size before relaxing)

.comment        0x0000000000000000       0xb9
 .comment       0x0000000000000000       0x49 ./utilities/fsl_debug_console.o
                                         0x4a (size before relaxing)
 .comment       0x0000000000000049       0x4a ./startup/startup_mkl25z4.o
 .comment       0x0000000000000049       0x4a ./source/analog_peripherals.o
 .comment       0x0000000000000049       0x4a ./source/dsp_fft.o
 .comment       0x0000000000000049       0x4a ./source/leds.o
 .comment       0x0000000000000049       0x4a ./source/main.o
 .comment       0x0000000000000049       0x4a ./source/mtb.o
 .comment       0x0000000000000049       0x4a ./source/semihost_hardfault.o
 .comment       0x0000000000000049       0x4a ./source/test_dsp_fft.o
 .comment       0x0000000000000049       0x4a ./source/touch_sensor.o
 .comment       0x0000000000000049       0x4a ./source/tpm_sync.o
 .comment       0x0000000000000049       0x4a ./drivers/fsl_clock.o
 .comment       0x0000000000000049       0x4a ./drivers/fsl_lpsci.o
 .comment       0x0000000000000049       0x4a ./drivers/fsl_uart.o
 .comment       0x0000000000000049       0x4a ./board/board.o
 .comment       0x0000000000000049       0x4a ./board/clock_config.o
 .comment       0x0000000000000049       0x4a ./board/peripherals.o
 .comment       0x0000000000000049       0x4a ./board/pin_mux.o
 .comment       0x0000000000000049       0x4a ./CMSIS/system_MKL25Z4.o
 .comment       0x0000000000000049       0x70 /Users/ip/MCUX/SDK_2_2_0_FRDM-KL25Z/CMSIS/Lib/GCC/libarm_cortexM0l_math.a(arm_rfft_q15.o)
                                         0x71 (size before relaxing)
 .comment       0x00000000000000b9       0x71 /Users/ip/MCUX/SDK_2_2_0_FRDM-KL25Z/CMSIS/Lib/GCC/libarm_cortexM0l_math.a(arm_rfft_init_q15.o)
 .comment       0x00000000000000b9       0x71 /Users/ip/MCUX/SDK_2_2_0_FRDM-KL25Z/CMSIS/Lib/GCC/libarm_cortexM0l_math.a(arm_cmplx_mag_squared_q15.o)
 .comment       0x00000000000000b9       0x71 /Users/ip/MCUX/SDK_2_2_0_FRDM-KL25Z/CMSIS/Lib/GCC/libarm_cortexM0l_math.a(arm_const_structs.o)
 .comment       0x00000000000000b9       0x71 /Users/ip/MCUX/SDK_2_2_0_FRDM-KL25Z/CMSIS/Lib/GCC/libarm_cortexM0l_math.a(arm_common_tables.o)
 .comment       0x00000000000000b9       0x71 /Users/ip/MCUX/SDK_2_2_0_FRDM-KL25Z/CMSIS/Lib/GCC/libarm_cortexM0l_math.a(arm_cfft_q15.o)
 .comment       0x00000000000000b9       0x71 /Users/ip/MCUX/SDK_2_2_0_FRDM-KL25Z/CMSIS/Lib/GCC/libarm_cortexM0l_math.a(arm_cfft_radix4_q15.o)
 .comment       0x00000000000000b9       0x4a /Applications/MCUXpressoIDE_11.6.0_8187/ide/plugins/com.nxp.mcuxpresso.tools.macosx_11.6.0.202112161359/tools/bin/../lib/gcc/arm-none-eabi/10.3.1/../../../../arm-none-eabi/lib/thumb/v6-m/nofp/libcr_semihost_nf.a(_cr__main.o)
 .comment       0x00000000000000b9       0x4a /Applications/MCUXpressoIDE_11.6.0_8187/ide/plugins/com.nxp.mcuxpresso.tools.macosx_11.6.0.202112161359/tools/bin/../lib/gcc/arm-none-eabi/10.3.1/../../../../arm-none-eabi/lib/thumb/v6-m/nofp/libcr_semihost_nf.a(_cr_assert.o)
 .comment       0x00000000000000b9       0x4a /Applications/MCUXpressoIDE_11.6.0_8187/ide/plugins/com.nxp.mcuxpresso.tools.macosx_11.6.0.202112161359/tools/bin/../lib/gcc/arm-none-eabi/10.3.1/../../../../arm-none-eabi/lib/thumb/v6-m/nofp/libcr_semihost_nf.a(__ciob.o)
 .comment       0x00000000000000b9       0x4a /Applications/MCUXpressoIDE_11.6.0_8187/ide/plugins/com.nxp.mcuxpresso.tools.macosx_11.6.0.202112161359/tools/bin/../lib/gcc/arm-none-eabi/10.3.1/../../../../arm-none-eabi/lib/thumb/v6-m/nofp/libcr_c.a(memcpy.o)
 .comment       0x00000000000000b9       0x4a /Applications/MCUXpressoIDE_11.6.0_8187/ide/plugins/com.nxp.mcuxpresso.tools.macosx_11.6.0.202112161359/tools/bin/../lib/gcc/arm-none-eabi/10.3.1/../../../../arm-none-eabi/lib/thumb/v6-m/nofp/libcr_c.a(memset.o)
 .comment       0x00000000000000b9       0x4a /Applications/MCUXpressoIDE_11.6.0_8187/ide/plugins/com.nxp.mcuxpresso.tools.macosx_11.6.0.202112161359/tools/bin/../lib/gcc/arm-none-eabi/10.3.1/../../../../arm-none-eabi/lib/thumb/v6-m/nofp/libcr_c.a(_deferredlazyseek.o)
 .comment       0x00000000000000b9       0x4a /Applications/MCUXpressoIDE_11.6.0_8187/ide/plugins/com.nxp.mcuxpresso.tools.macosx_11.6.0.202112161359/tools/bin/../lib/gcc/arm-none-eabi/10.3.1/../../../../arm-none-eabi/lib/thumb/v6-m/nofp/libcr_c.a(_fflush.o)
 .comment       0x00000000000000b9       0x4a /Applications/MCUXpressoIDE_11.6.0_8187/ide/plugins/com.nxp.mcuxpresso.tools.macosx_11.6.0.202112161359/tools/bin/../lib/gcc/arm-none-eabi/10.3.1/../../../../arm-none-eabi/lib/thumb/v6-m/nofp/libcr_c.a(_writebuf.o)
 .comment       0x00000000000000b9       0x4a /Applications/MCUXpressoIDE_11.6.0_8187/ide/plugins/com.nxp.mcuxpresso.tools.macosx_11.6.0.202112161359/tools/bin/../lib/gcc/arm-none-eabi/10.3.1/../../../../arm-none-eabi/lib/thumb/v6-m/nofp/libcr_c.a(alloc.o)
 .comment       0x00000000000000b9       0x4a /Applications/MCUXpressoIDE_11.6.0_8187/ide/plugins/com.nxp.mcuxpresso.tools.macosx_11.6.0.202112161359/tools/bin/../lib/gcc/arm-none-eabi/10.3.1/../../../../arm-none-eabi/lib/thumb/v6-m/nofp/libcr_c.a(fputs.o)
 .comment       0x00000000000000b9       0x4a /Applications/MCUXpressoIDE_11.6.0_8187/ide/plugins/com.nxp.mcuxpresso.tools.macosx_11.6.0.202112161359/tools/bin/../lib/gcc/arm-none-eabi/10.3.1/../../../../arm-none-eabi/lib/thumb/v6-m/nofp/libcr_c.a(fseek.o)
 .comment       0x00000000000000b9       0x4a /Applications/MCUXpressoIDE_11.6.0_8187/ide/plugins/com.nxp.mcuxpresso.tools.macosx_11.6.0.202112161359/tools/bin/../lib/gcc/arm-none-eabi/10.3.1/../../../../arm-none-eabi/lib/thumb/v6-m/nofp/libcr_c.a(ftell.o)
 .comment       0x00000000000000b9       0x4a /Applications/MCUXpressoIDE_11.6.0_8187/ide/plugins/com.nxp.mcuxpresso.tools.macosx_11.6.0.202112161359/tools/bin/../lib/gcc/arm-none-eabi/10.3.1/../../../../arm-none-eabi/lib/thumb/v6-m/nofp/libcr_c.a(initio.o)
 .comment       0x00000000000000b9       0x4a /Applications/MCUXpressoIDE_11.6.0_8187/ide/plugins/com.nxp.mcuxpresso.tools.macosx_11.6.0.202112161359/tools/bin/../lib/gcc/arm-none-eabi/10.3.1/../../../../arm-none-eabi/lib/thumb/v6-m/nofp/libcr_c.a(printf.o)
 .comment       0x00000000000000b9       0x4a /Applications/MCUXpressoIDE_11.6.0_8187/ide/plugins/com.nxp.mcuxpresso.tools.macosx_11.6.0.202112161359/tools/bin/../lib/gcc/arm-none-eabi/10.3.1/../../../../arm-none-eabi/lib/thumb/v6-m/nofp/libcr_c.a(setvbuf.o)
 .comment       0x00000000000000b9       0x4a /Applications/MCUXpressoIDE_11.6.0_8187/ide/plugins/com.nxp.mcuxpresso.tools.macosx_11.6.0.202112161359/tools/bin/../lib/gcc/arm-none-eabi/10.3.1/../../../../arm-none-eabi/lib/thumb/v6-m/nofp/libcr_c.a(strlen.o)
 .comment       0x00000000000000b9       0x4a /Applications/MCUXpressoIDE_11.6.0_8187/ide/plugins/com.nxp.mcuxpresso.tools.macosx_11.6.0.202112161359/tools/bin/../lib/gcc/arm-none-eabi/10.3.1/../../../../arm-none-eabi/lib/thumb/v6-m/nofp/libcr_c.a(__init_alloc.o)
 .comment       0x00000000000000b9       0x4a /Applications/MCUXpressoIDE_11.6.0_8187/ide/plugins/com.nxp.mcuxpresso.tools.macosx_11.6.0.202112161359/tools/bin/../lib/gcc/arm-none-eabi/10.3.1/../../../../arm-none-eabi/lib/thumb/v6-m/nofp/libcr_c.a(_cr_sbrk.o)
 .comment       0x00000000000000b9       0x4a /Applications/MCUXpressoIDE_11.6.0_8187/ide/plugins/com.nxp.mcuxpresso.tools.macosx_11.6.0.202112161359/tools/bin/../lib/gcc/arm-none-eabi/10.3.1/../../../../arm-none-eabi/lib/thumb/v6-m/nofp/libcr_c.a(_fdopen.o)
 .comment       0x00000000000000b9       0x4a /Applications/MCUXpressoIDE_11.6.0_8187/ide/plugins/com.nxp.mcuxpresso.tools.macosx_11.6.0.202112161359/tools/bin/../lib/gcc/arm-none-eabi/10.3.1/../../../../arm-none-eabi/lib/thumb/v6-m/nofp/libcr_c.a(errno.o)
 .comment       0x00000000000000b9       0x4a /Applications/MCUXpressoIDE_11.6.0_8187/ide/plugins/com.nxp.mcuxpresso.tools.macosx_11.6.0.202112161359/tools/bin/../lib/gcc/arm-none-eabi/10.3.1/../../../../arm-none-eabi/lib/thumb/v6-m/nofp/libcr_c.a(fclose.o)
 .comment       0x00000000000000b9       0x4a /Applications/MCUXpressoIDE_11.6.0_8187/ide/plugins/com.nxp.mcuxpresso.tools.macosx_11.6.0.202112161359/tools/bin/../lib/gcc/arm-none-eabi/10.3.1/../../../../arm-none-eabi/lib/thumb/v6-m/nofp/libcr_c.a(fflush.o)
 .comment       0x00000000000000b9       0x4a /Applications/MCUXpressoIDE_11.6.0_8187/ide/plugins/com.nxp.mcuxpresso.tools.macosx_11.6.0.202112161359/tools/bin/../lib/gcc/arm-none-eabi/10.3.1/../../../../arm-none-eabi/lib/thumb/v6-m/nofp/libcr_c.a(remove.o)
 .comment       0x00000000000000b9       0x4a /Applications/MCUXpressoIDE_11.6.0_8187/ide/plugins/com.nxp.mcuxpresso.tools.macosx_11.6.0.202112161359/tools/bin/../lib/gcc/arm-none-eabi/10.3.1/../../../../arm-none-eabi/lib/thumb/v6-m/nofp/libcr_c.a(_cr_check_heap.o)
 .comment       0x00000000000000b9       0x4a /Applications/MCUXpressoIDE_11.6.0_8187/ide/plugins/com.nxp.mcuxpresso.tools.macosx_11.6.0.202112161359/tools/bin/../lib/gcc/arm-none-eabi/10.3.1/../../../../arm-none-eabi/lib/thumb/v6-m/nofp/libcr_c.a(_do_fflush.o)

.ARM.attributes
                0x0000000000000000       0x2a
 .ARM.attributes
                0x0000000000000000       0x2c ./utilities/fsl_debug_console.o
 .ARM.attributes
                0x000000000000002c       0x2c ./startup/startup_mkl25z4.o
 .ARM.attributes
                0x0000000000000058       0x2c ./source/analog_peripherals.o
 .ARM.attributes
                0x0000000000000084       0x2c ./source/dsp_fft.o
 .ARM.attributes
                0x00000000000000b0       0x2c ./source/leds.o
 .ARM.attributes
                0x00000000000000dc       0x2c ./source/main.o
 .ARM.attributes
                0x0000000000000108       0x2c ./source/mtb.o
 .ARM.attributes
                0x0000000000000134       0x2c ./source/semihost_hardfault.o
 .ARM.attributes
                0x0000000000000160       0x2c ./source/test_dsp_fft.o
 .ARM.attributes
                0x000000000000018c       0x2c ./source/touch_sensor.o
 .ARM.attributes
                0x00000000000001b8       0x2c ./source/tpm_sync.o
 .ARM.attributes
                0x00000000000001e4       0x2c ./drivers/fsl_clock.o
 .ARM.attributes
                0x0000000000000210       0x2c ./drivers/fsl_lpsci.o
 .ARM.attributes
                0x000000000000023c       0x2c ./drivers/fsl_uart.o
 .ARM.attributes
                0x0000000000000268       0x2c ./board/board.o
 .ARM.attributes
                0x0000000000000294       0x2c ./board/clock_config.o
 .ARM.attributes
                0x00000000000002c0       0x2c ./board/peripherals.o
 .ARM.attributes
                0x00000000000002ec       0x2c ./board/pin_mux.o
 .ARM.attributes
                0x0000000000000318       0x2c ./CMSIS/system_MKL25Z4.o
 .ARM.attributes
                0x0000000000000344       0x31 /Users/ip/MCUX/SDK_2_2_0_FRDM-KL25Z/CMSIS/Lib/GCC/libarm_cortexM0l_math.a(arm_rfft_q15.o)
 .ARM.attributes
                0x0000000000000375       0x31 /Users/ip/MCUX/SDK_2_2_0_FRDM-KL25Z/CMSIS/Lib/GCC/libarm_cortexM0l_math.a(arm_rfft_init_q15.o)
 .ARM.attributes
                0x00000000000003a6       0x31 /Users/ip/MCUX/SDK_2_2_0_FRDM-KL25Z/CMSIS/Lib/GCC/libarm_cortexM0l_math.a(arm_cmplx_mag_squared_q15.o)
 .ARM.attributes
                0x00000000000003d7       0x31 /Users/ip/MCUX/SDK_2_2_0_FRDM-KL25Z/CMSIS/Lib/GCC/libarm_cortexM0l_math.a(arm_const_structs.o)
 .ARM.attributes
                0x0000000000000408       0x31 /Users/ip/MCUX/SDK_2_2_0_FRDM-KL25Z/CMSIS/Lib/GCC/libarm_cortexM0l_math.a(arm_common_tables.o)
 .ARM.attributes
                0x0000000000000439       0x31 /Users/ip/MCUX/SDK_2_2_0_FRDM-KL25Z/CMSIS/Lib/GCC/libarm_cortexM0l_math.a(arm_cfft_q15.o)
 .ARM.attributes
                0x000000000000046a       0x21 /Users/ip/MCUX/SDK_2_2_0_FRDM-KL25Z/CMSIS/Lib/GCC/libarm_cortexM0l_math.a(arm_bitreversal2.o)
 .ARM.attributes
                0x000000000000048b       0x31 /Users/ip/MCUX/SDK_2_2_0_FRDM-KL25Z/CMSIS/Lib/GCC/libarm_cortexM0l_math.a(arm_cfft_radix4_q15.o)
 .ARM.attributes
                0x00000000000004bc       0x2c /Applications/MCUXpressoIDE_11.6.0_8187/ide/plugins/com.nxp.mcuxpresso.tools.macosx_11.6.0.202112161359/tools/bin/../lib/gcc/arm-none-eabi/10.3.1/../../../../arm-none-eabi/lib/thumb/v6-m/nofp/libcr_semihost_nf.a(_cr__main.o)
 .ARM.attributes
                0x00000000000004e8       0x2c /Applications/MCUXpressoIDE_11.6.0_8187/ide/plugins/com.nxp.mcuxpresso.tools.macosx_11.6.0.202112161359/tools/bin/../lib/gcc/arm-none-eabi/10.3.1/../../../../arm-none-eabi/lib/thumb/v6-m/nofp/libcr_semihost_nf.a(_cr_assert.o)
 .ARM.attributes
                0x0000000000000514       0x2c /Applications/MCUXpressoIDE_11.6.0_8187/ide/plugins/com.nxp.mcuxpresso.tools.macosx_11.6.0.202112161359/tools/bin/../lib/gcc/arm-none-eabi/10.3.1/../../../../arm-none-eabi/lib/thumb/v6-m/nofp/libcr_semihost_nf.a(__ciob.o)
 .ARM.attributes
                0x0000000000000540       0x1c /Applications/MCUXpressoIDE_11.6.0_8187/ide/plugins/com.nxp.mcuxpresso.tools.macosx_11.6.0.202112161359/tools/bin/../lib/gcc/arm-none-eabi/10.3.1/../../../../arm-none-eabi/lib/thumb/v6-m/nofp/libcr_semihost_nf.a(__sys_appexit.o)
 .ARM.attributes
                0x000000000000055c       0x2c /Applications/MCUXpressoIDE_11.6.0_8187/ide/plugins/com.nxp.mcuxpresso.tools.macosx_11.6.0.202112161359/tools/bin/../lib/gcc/arm-none-eabi/10.3.1/../../../../arm-none-eabi/lib/thumb/v6-m/nofp/libcr_c.a(memcpy.o)
 .ARM.attributes
                0x0000000000000588       0x2c /Applications/MCUXpressoIDE_11.6.0_8187/ide/plugins/com.nxp.mcuxpresso.tools.macosx_11.6.0.202112161359/tools/bin/../lib/gcc/arm-none-eabi/10.3.1/../../../../arm-none-eabi/lib/thumb/v6-m/nofp/libcr_c.a(memset.o)
 .ARM.attributes
                0x00000000000005b4       0x2c /Applications/MCUXpressoIDE_11.6.0_8187/ide/plugins/com.nxp.mcuxpresso.tools.macosx_11.6.0.202112161359/tools/bin/../lib/gcc/arm-none-eabi/10.3.1/../../../../arm-none-eabi/lib/thumb/v6-m/nofp/libcr_c.a(_deferredlazyseek.o)
 .ARM.attributes
                0x00000000000005e0       0x2c /Applications/MCUXpressoIDE_11.6.0_8187/ide/plugins/com.nxp.mcuxpresso.tools.macosx_11.6.0.202112161359/tools/bin/../lib/gcc/arm-none-eabi/10.3.1/../../../../arm-none-eabi/lib/thumb/v6-m/nofp/libcr_c.a(_fflush.o)
 .ARM.attributes
                0x000000000000060c       0x2c /Applications/MCUXpressoIDE_11.6.0_8187/ide/plugins/com.nxp.mcuxpresso.tools.macosx_11.6.0.202112161359/tools/bin/../lib/gcc/arm-none-eabi/10.3.1/../../../../arm-none-eabi/lib/thumb/v6-m/nofp/libcr_c.a(_writebuf.o)
 .ARM.attributes
                0x0000000000000638       0x2c /Applications/MCUXpressoIDE_11.6.0_8187/ide/plugins/com.nxp.mcuxpresso.tools.macosx_11.6.0.202112161359/tools/bin/../lib/gcc/arm-none-eabi/10.3.1/../../../../arm-none-eabi/lib/thumb/v6-m/nofp/libcr_c.a(alloc.o)
 .ARM.attributes
                0x0000000000000664       0x2c /Applications/MCUXpressoIDE_11.6.0_8187/ide/plugins/com.nxp.mcuxpresso.tools.macosx_11.6.0.202112161359/tools/bin/../lib/gcc/arm-none-eabi/10.3.1/../../../../arm-none-eabi/lib/thumb/v6-m/nofp/libcr_c.a(fputs.o)
 .ARM.attributes
                0x0000000000000690       0x2c /Applications/MCUXpressoIDE_11.6.0_8187/ide/plugins/com.nxp.mcuxpresso.tools.macosx_11.6.0.202112161359/tools/bin/../lib/gcc/arm-none-eabi/10.3.1/../../../../arm-none-eabi/lib/thumb/v6-m/nofp/libcr_c.a(fseek.o)
 .ARM.attributes
                0x00000000000006bc       0x2c /Applications/MCUXpressoIDE_11.6.0_8187/ide/plugins/com.nxp.mcuxpresso.tools.macosx_11.6.0.202112161359/tools/bin/../lib/gcc/arm-none-eabi/10.3.1/../../../../arm-none-eabi/lib/thumb/v6-m/nofp/libcr_c.a(ftell.o)
 .ARM.attributes
                0x00000000000006e8       0x2c /Applications/MCUXpressoIDE_11.6.0_8187/ide/plugins/com.nxp.mcuxpresso.tools.macosx_11.6.0.202112161359/tools/bin/../lib/gcc/arm-none-eabi/10.3.1/../../../../arm-none-eabi/lib/thumb/v6-m/nofp/libcr_c.a(initio.o)
 .ARM.attributes
                0x0000000000000714       0x2c /Applications/MCUXpressoIDE_11.6.0_8187/ide/plugins/com.nxp.mcuxpresso.tools.macosx_11.6.0.202112161359/tools/bin/../lib/gcc/arm-none-eabi/10.3.1/../../../../arm-none-eabi/lib/thumb/v6-m/nofp/libcr_c.a(printf.o)
 .ARM.attributes