/Users/ip/MCUX/ECEN5813_FinalProject/CMSIS/core_cm0plus.h:745:22:NVIC_EnableIRQ	16	static
/Users/ip/MCUX/ECEN5813_FinalProject/CMSIS/core_cm0plus.h:791:22:NVIC_ClearPendingIRQ	16	static
/Users/ip/MCUX/ECEN5813_FinalProject/CMSIS/core_cm0plus.h:804:22:NVIC_SetPriority	24	static
../source/analog_input.c:38:6:ain_init	8	static
../source/analog_input.c:55:6:ain_is_adc_samples_avail	8	static
../source/analog_input.c:61:11:ain_get_samples	24	static
../source/analog_input.c:103:6:DMA0_IRQHandler	8	static
../source/analog_input.c:111:6:_init_adc0	16	static
../source/analog_input.c:166:6:_init_dma0	8	static
../source/analog_input.c:209:6:_init_tpm0	8	static
